Archive member included to satisfy reference by file (symbol)

/home/atmelfan/Ac6/SystemWorkbench/plugins/fr.ac6.mcu.externaltools.arm-none.linux64_1.15.0.201708311556/tools/compiler/bin/../lib/gcc/arm-none-eabi/6.3.1/thumb/v7e-m/fpv4-sp/hard/libgcc.a(_aeabi_uldivmod.o)
                              Drivers/STM32F4xx_HAL_Driver/Src/stm32f4xx_hal_rcc.o (__aeabi_uldivmod)
/home/atmelfan/Ac6/SystemWorkbench/plugins/fr.ac6.mcu.externaltools.arm-none.linux64_1.15.0.201708311556/tools/compiler/bin/../lib/gcc/arm-none-eabi/6.3.1/thumb/v7e-m/fpv4-sp/hard/libgcc.a(_udivmoddi4.o)
                              /home/atmelfan/Ac6/SystemWorkbench/plugins/fr.ac6.mcu.externaltools.arm-none.linux64_1.15.0.201708311556/tools/compiler/bin/../lib/gcc/arm-none-eabi/6.3.1/thumb/v7e-m/fpv4-sp/hard/libgcc.a(_aeabi_uldivmod.o) (__udivmoddi4)
/home/atmelfan/Ac6/SystemWorkbench/plugins/fr.ac6.mcu.externaltools.arm-none.linux64_1.15.0.201708311556/tools/compiler/bin/../lib/gcc/arm-none-eabi/6.3.1/thumb/v7e-m/fpv4-sp/hard/libgcc.a(_dvmd_tls.o)
                              /home/atmelfan/Ac6/SystemWorkbench/plugins/fr.ac6.mcu.externaltools.arm-none.linux64_1.15.0.201708311556/tools/compiler/bin/../lib/gcc/arm-none-eabi/6.3.1/thumb/v7e-m/fpv4-sp/hard/libgcc.a(_aeabi_uldivmod.o) (__aeabi_ldiv0)
/home/atmelfan/Ac6/SystemWorkbench/plugins/fr.ac6.mcu.externaltools.arm-none.linux64_1.15.0.201708311556/tools/compiler/bin/../lib/gcc/arm-none-eabi/6.3.1/../../../../arm-none-eabi/lib/thumb/v7e-m/fpv4-sp/hard/libc_nano.a(lib_a-exit.o)
                              /home/atmelfan/Ac6/SystemWorkbench/plugins/fr.ac6.mcu.externaltools.arm-none.linux64_1.15.0.201708311556/tools/compiler/bin/../lib/gcc/arm-none-eabi/6.3.1/../../../../arm-none-eabi/lib/thumb/v7e-m/fpv4-sp/hard/crt0.o (exit)
/home/atmelfan/Ac6/SystemWorkbench/plugins/fr.ac6.mcu.externaltools.arm-none.linux64_1.15.0.201708311556/tools/compiler/bin/../lib/gcc/arm-none-eabi/6.3.1/../../../../arm-none-eabi/lib/thumb/v7e-m/fpv4-sp/hard/libc_nano.a(lib_a-impure.o)
                              /home/atmelfan/Ac6/SystemWorkbench/plugins/fr.ac6.mcu.externaltools.arm-none.linux64_1.15.0.201708311556/tools/compiler/bin/../lib/gcc/arm-none-eabi/6.3.1/../../../../arm-none-eabi/lib/thumb/v7e-m/fpv4-sp/hard/libc_nano.a(lib_a-exit.o) (_global_impure_ptr)
/home/atmelfan/Ac6/SystemWorkbench/plugins/fr.ac6.mcu.externaltools.arm-none.linux64_1.15.0.201708311556/tools/compiler/bin/../lib/gcc/arm-none-eabi/6.3.1/../../../../arm-none-eabi/lib/thumb/v7e-m/fpv4-sp/hard/libc_nano.a(lib_a-init.o)
                              /home/atmelfan/Ac6/SystemWorkbench/plugins/fr.ac6.mcu.externaltools.arm-none.linux64_1.15.0.201708311556/tools/compiler/bin/../lib/gcc/arm-none-eabi/6.3.1/../../../../arm-none-eabi/lib/thumb/v7e-m/fpv4-sp/hard/crt0.o (__libc_init_array)
/home/atmelfan/Ac6/SystemWorkbench/plugins/fr.ac6.mcu.externaltools.arm-none.linux64_1.15.0.201708311556/tools/compiler/bin/../lib/gcc/arm-none-eabi/6.3.1/../../../../arm-none-eabi/lib/thumb/v7e-m/fpv4-sp/hard/libc_nano.a(lib_a-memset.o)
                              /home/atmelfan/Ac6/SystemWorkbench/plugins/fr.ac6.mcu.externaltools.arm-none.linux64_1.15.0.201708311556/tools/compiler/bin/../lib/gcc/arm-none-eabi/6.3.1/../../../../arm-none-eabi/lib/thumb/v7e-m/fpv4-sp/hard/crt0.o (memset)
/home/atmelfan/Ac6/SystemWorkbench/plugins/fr.ac6.mcu.externaltools.arm-none.linux64_1.15.0.201708311556/tools/compiler/bin/../lib/gcc/arm-none-eabi/6.3.1/../../../../arm-none-eabi/lib/thumb/v7e-m/fpv4-sp/hard/libnosys.a(_exit.o)
                              /home/atmelfan/Ac6/SystemWorkbench/plugins/fr.ac6.mcu.externaltools.arm-none.linux64_1.15.0.201708311556/tools/compiler/bin/../lib/gcc/arm-none-eabi/6.3.1/../../../../arm-none-eabi/lib/thumb/v7e-m/fpv4-sp/hard/libc_nano.a(lib_a-exit.o) (_exit)

Allocating common symbols
Common symbol       size              file

hspi2               0x58              Src/spi.o
htim4               0x3c              Src/tim.o
hi2c2               0x54              Src/i2c.o
uwTick              0x4               Drivers/STM32F4xx_HAL_Driver/Src/stm32f4xx_hal.o
pFlash              0x20              Drivers/STM32F4xx_HAL_Driver/Src/stm32f4xx_hal_flash.o
htim1               0x3c              Src/tim.o
htim2               0x3c              Src/tim.o

Discarded input sections

 .text          0x0000000000000000        0x0 /home/atmelfan/Ac6/SystemWorkbench/plugins/fr.ac6.mcu.externaltools.arm-none.linux64_1.15.0.201708311556/tools/compiler/bin/../lib/gcc/arm-none-eabi/6.3.1/thumb/v7e-m/fpv4-sp/hard/crti.o
 .data          0x0000000000000000        0x0 /home/atmelfan/Ac6/SystemWorkbench/plugins/fr.ac6.mcu.externaltools.arm-none.linux64_1.15.0.201708311556/tools/compiler/bin/../lib/gcc/arm-none-eabi/6.3.1/thumb/v7e-m/fpv4-sp/hard/crti.o
[...]
Memory Configuration

Name             Origin             Length             Attributes
RAM              0x0000000020000000 0x0000000000020000 xrw
CCMRAM           0x0000000010000000 0x0000000000010000 rw
FLASH            0x0000000008000000 0x0000000000100000 xr
*default*        0x0000000000000000 0xffffffffffffffff

Linker script and memory map

LOAD /home/atmelfan/Ac6/SystemWorkbench/plugins/fr.ac6.mcu.externaltools.arm-none.linux64_1.15.0.201708311556/tools/compiler/bin/../lib/gcc/arm-none-eabi/6.3.1/thumb/v7e-m/fpv4-sp/hard/crti.o
LOAD /home/atmelfan/Ac6/SystemWorkbench/plugins/fr.ac6.mcu.externaltools.arm-none.linux64_1.15.0.201708311556/tools/compiler/bin/../lib/gcc/arm-none-eabi/6.3.1/thumb/v7e-m/fpv4-sp/hard/crtbegin.o
LOAD /home/atmelfan/Ac6/SystemWorkbench/plugins/fr.ac6.mcu.externaltools.arm-none.linux64_1.15.0.201708311556/tools/compiler/bin/../lib/gcc/arm-none-eabi/6.3.1/../../../../arm-none-eabi/lib/thumb/v7e-m/fpv4-sp/hard/crt0.o
LOAD Drivers/STM32F4xx_HAL_Driver/Src/stm32f4xx_hal.o
LOAD Drivers/STM32F4xx_HAL_Driver/Src/stm32f4xx_hal_cortex.o
LOAD Drivers/STM32F4xx_HAL_Driver/Src/stm32f4xx_hal_dma.o
LOAD Drivers/STM32F4xx_HAL_Driver/Src/stm32f4xx_hal_dma_ex.o
LOAD Drivers/STM32F4xx_HAL_Driver/Src/stm32f4xx_hal_flash.o
LOAD Drivers/STM32F4xx_HAL_Driver/Src/stm32f4xx_hal_flash_ex.o
LOAD Drivers/STM32F4xx_HAL_Driver/Src/stm32f4xx_hal_flash_ramfunc.o
LOAD Drivers/STM32F4xx_HAL_Driver/Src/stm32f4xx_hal_gpio.o
LOAD Drivers/STM32F4xx_HAL_Driver/Src/stm32f4xx_hal_i2c.o
LOAD Drivers/STM32F4xx_HAL_Driver/Src/stm32f4xx_hal_i2c_ex.o
LOAD Drivers/STM32F4xx_HAL_Driver/Src/stm32f4xx_hal_pwr.o
LOAD Drivers/STM32F4xx_HAL_Driver/Src/stm32f4xx_hal_pwr_ex.o
LOAD Drivers/STM32F4xx_HAL_Driver/Src/stm32f4xx_hal_rcc.o
LOAD Drivers/STM32F4xx_HAL_Driver/Src/stm32f4xx_hal_rcc_ex.o
LOAD Drivers/STM32F4xx_HAL_Driver/Src/stm32f4xx_hal_spi.o
LOAD Drivers/STM32F4xx_HAL_Driver/Src/stm32f4xx_hal_tim.o
LOAD Drivers/STM32F4xx_HAL_Driver/Src/stm32f4xx_hal_tim_ex.o
LOAD Src/gpio.o
LOAD Src/i2c.o
LOAD Src/main.o
LOAD Src/pid.o
LOAD Src/spi.o
LOAD Src/stm32f4xx_hal_msp.o
LOAD Src/stm32f4xx_it.o
LOAD Src/system_stm32f4xx.o
LOAD Src/tim.o
LOAD startup/startup_stm32f415xx.o
LOAD /home/atmelfan/Ac6/SystemWorkbench/plugins/fr.ac6.mcu.externaltools.arm-none.linux64_1.15.0.201708311556/tools/compiler/bin/../lib/gcc/arm-none-eabi/6.3.1/../../../../arm-none-eabi/lib/thumb/v7e-m/fpv4-sp/hard/libm.a
START GROUP
LOAD /home/atmelfan/Ac6/SystemWorkbench/plugins/fr.ac6.mcu.externaltools.arm-none.linux64_1.15.0.201708311556/tools/compiler/bin/../lib/gcc/arm-none-eabi/6.3.1/thumb/v7e-m/fpv4-sp/hard/libgcc.a
LOAD /home/atmelfan/Ac6/SystemWorkbench/plugins/fr.ac6.mcu.externaltools.arm-none.linux64_1.15.0.201708311556/tools/compiler/bin/../lib/gcc/arm-none-eabi/6.3.1/../../../../arm-none-eabi/lib/thumb/v7e-m/fpv4-sp/hard/libc_nano.a
END GROUP
START GROUP
LOAD /home/atmelfan/Ac6/SystemWorkbench/plugins/fr.ac6.mcu.externaltools.arm-none.linux64_1.15.0.201708311556/tools/compiler/bin/../lib/gcc/arm-none-eabi/6.3.1/thumb/v7e-m/fpv4-sp/hard/libgcc.a
LOAD /home/atmelfan/Ac6/SystemWorkbench/plugins/fr.ac6.mcu.externaltools.arm-none.linux64_1.15.0.201708311556/tools/compiler/bin/../lib/gcc/arm-none-eabi/6.3.1/../../../../arm-none-eabi/lib/thumb/v7e-m/fpv4-sp/hard/libc_nano.a
LOAD /home/atmelfan/Ac6/SystemWorkbench/plugins/fr.ac6.mcu.externaltools.arm-none.linux64_1.15.0.201708311556/tools/compiler/bin/../lib/gcc/arm-none-eabi/6.3.1/../../../../arm-none-eabi/lib/thumb/v7e-m/fpv4-sp/hard/libnosys.a
END GROUP
START GROUP
LOAD /home/atmelfan/Ac6/SystemWorkbench/plugins/fr.ac6.mcu.externaltools.arm-none.linux64_1.15.0.201708311556/tools/compiler/bin/../lib/gcc/arm-none-eabi/6.3.1/thumb/v7e-m/fpv4-sp/hard/libgcc.a
LOAD /home/atmelfan/Ac6/SystemWorkbench/plugins/fr.ac6.mcu.externaltools.arm-none.linux64_1.15.0.201708311556/tools/compiler/bin/../lib/gcc/arm-none-eabi/6.3.1/../../../../arm-none-eabi/lib/thumb/v7e-m/fpv4-sp/hard/libc_nano.a
LOAD /home/atmelfan/Ac6/SystemWorkbench/plugins/fr.ac6.mcu.externaltools.arm-none.linux64_1.15.0.201708311556/tools/compiler/bin/../lib/gcc/arm-none-eabi/6.3.1/../../../../arm-none-eabi/lib/thumb/v7e-m/fpv4-sp/hard/libnosys.a
END GROUP
LOAD /home/atmelfan/Ac6/SystemWorkbench/plugins/fr.ac6.mcu.externaltools.arm-none.linux64_1.15.0.201708311556/tools/compiler/bin/../lib/gcc/arm-none-eabi/6.3.1/thumb/v7e-m/fpv4-sp/hard/crtend.o
LOAD /home/atmelfan/Ac6/SystemWorkbench/plugins/fr.ac6.mcu.externaltools.arm-none.linux64_1.15.0.201708311556/tools/compiler/bin/../lib/gcc/arm-none-eabi/6.3.1/thumb/v7e-m/fpv4-sp/hard/crtn.o
                0x0000000020020000                _estack = 0x20020000
                0x0000000000000200                _Min_Heap_Size = 0x200
                0x0000000000000400                _Min_Stack_Size = 0x400

.isr_vector     0x0000000008000000      0x188
                0x0000000008000000                . = ALIGN (0x4)
 *(.isr_vector)
 .isr_vector    0x0000000008000000      0x188 startup/startup_stm32f415xx.o
                0x0000000008000000                g_pfnVectors
                0x0000000008000188                . = ALIGN (0x4)

.text           0x0000000008000188     0x2d5c
                0x0000000008000188                . = ALIGN (0x4)
 *(.text)
 .text          0x0000000008000188       0x6c /home/atmelfan/Ac6/SystemWorkbench/plugins/fr.ac6.mcu.externaltools.arm-none.linux64_1.15.0.201708311556/tools/compiler/bin/../lib/gcc/arm-none-eabi/6.3.1/thumb/v7e-m/fpv4-sp/hard/crtbegin.o
 .text          0x00000000080001f4       0x30 /home/atmelfan/Ac6/SystemWorkbench/plugins/fr.ac6.mcu.externaltools.arm-none.linux64_1.15.0.201708311556/tools/compiler/bin/../lib/gcc/arm-none-eabi/6.3.1/thumb/v7e-m/fpv4-sp/hard/libgcc.a(_aeabi_uldivmod.o)
                0x00000000080001f4                __aeabi_uldivmod
 .text          0x0000000008000224      0x2dc /home/atmelfan/Ac6/SystemWorkbench/plugins/fr.ac6.mcu.externaltools.arm-none.linux64_1.15.0.201708311556/tools/compiler/bin/../lib/gcc/arm-none-eabi/6.3.1/thumb/v7e-m/fpv4-sp/hard/libgcc.a(_udivmoddi4.o)
                0x0000000008000224                __udivmoddi4
 .text          0x0000000008000500        0x4 /home/atmelfan/Ac6/SystemWorkbench/plugins/fr.ac6.mcu.externaltools.arm-none.linux64_1.15.0.201708311556/tools/compiler/bin/../lib/gcc/arm-none-eabi/6.3.1/thumb/v7e-m/fpv4-sp/hard/libgcc.a(_dvmd_tls.o)
                0x0000000008000500                __aeabi_ldiv0
                0x0000000008000500                __aeabi_idiv0
 *(.text*)
 .text.HAL_InitTick
                0x0000000008000504       0x48 Drivers/STM32F4xx_HAL_Driver/Src/stm32f4xx_hal.o
                0x0000000008000504                HAL_InitTick
 .text.HAL_Init
                0x000000000800054c       0x34 Drivers/STM32F4xx_HAL_Driver/Src/stm32f4xx_hal.o
                0x000000000800054c                HAL_Init
 .text.HAL_IncTick
                0x0000000008000580       0x18 Drivers/STM32F4xx_HAL_Driver/Src/stm32f4xx_hal.o
                0x0000000008000580                HAL_IncTick
 .text.HAL_GetTick
                0x0000000008000598        0xc Drivers/STM32F4xx_HAL_Driver/Src/stm32f4xx_hal.o
                0x0000000008000598                HAL_GetTick
 .text.HAL_Delay
                0x00000000080005a4       0x28 Drivers/STM32F4xx_HAL_Driver/Src/stm32f4xx_hal.o
                0x00000000080005a4                HAL_Delay
 .text.HAL_NVIC_SetPriorityGrouping
                0x00000000080005cc       0x24 Drivers/STM32F4xx_HAL_Driver/Src/stm32f4xx_hal_cortex.o
                0x00000000080005cc                HAL_NVIC_SetPriorityGrouping
 .text.HAL_NVIC_SetPriority
                0x00000000080005f0       0x64 Drivers/STM32F4xx_HAL_Driver/Src/stm32f4xx_hal_cortex.o
                0x00000000080005f0                HAL_NVIC_SetPriority
 .text.HAL_NVIC_EnableIRQ
                0x0000000008000654       0x18 Drivers/STM32F4xx_HAL_Driver/Src/stm32f4xx_hal_cortex.o
                0x0000000008000654                HAL_NVIC_EnableIRQ
 .text.HAL_SYSTICK_Config
                0x000000000800066c       0x2c Drivers/STM32F4xx_HAL_Driver/Src/stm32f4xx_hal_cortex.o
                0x000000000800066c                HAL_SYSTICK_Config
 .text.HAL_SYSTICK_CLKSourceConfig
                0x0000000008000698       0x20 Drivers/STM32F4xx_HAL_Driver/Src/stm32f4xx_hal_cortex.o
                0x0000000008000698                HAL_SYSTICK_CLKSourceConfig
 .text.HAL_SYSTICK_Callback
                0x00000000080006b8        0x2 Drivers/STM32F4xx_HAL_Driver/Src/stm32f4xx_hal_cortex.o
                0x00000000080006b8                HAL_SYSTICK_Callback
 .text.HAL_SYSTICK_IRQHandler
                0x00000000080006ba        0x8 Drivers/STM32F4xx_HAL_Driver/Src/stm32f4xx_hal_cortex.o
                0x00000000080006ba                HAL_SYSTICK_IRQHandler
 *fill*         0x00000000080006c2        0x2 
 .text.HAL_GPIO_Init
                0x00000000080006c4      0x1cc Drivers/STM32F4xx_HAL_Driver/Src/stm32f4xx_hal_gpio.o
                0x00000000080006c4                HAL_GPIO_Init
 .text.HAL_GPIO_DeInit
                0x0000000008000890      0x120 Drivers/STM32F4xx_HAL_Driver/Src/stm32f4xx_hal_gpio.o
                0x0000000008000890                HAL_GPIO_DeInit
 .text.HAL_GPIO_WritePin
                0x00000000080009b0        0xc Drivers/STM32F4xx_HAL_Driver/Src/stm32f4xx_hal_gpio.o
                0x00000000080009b0                HAL_GPIO_WritePin
 .text.I2C_IsAcknowledgeFailed
                0x00000000080009bc       0x2a Drivers/STM32F4xx_HAL_Driver/Src/stm32f4xx_hal_i2c.o
 .text.I2C_WaitOnFlagUntilTimeout
                0x00000000080009e6       0x68 Drivers/STM32F4xx_HAL_Driver/Src/stm32f4xx_hal_i2c.o
 .text.I2C_WaitOnMasterAddressFlagUntilTimeout
                0x0000000008000a4e       0x90 Drivers/STM32F4xx_HAL_Driver/Src/stm32f4xx_hal_i2c.o
 *fill*         0x0000000008000ade        0x2 
 .text.I2C_MasterRequestWrite
                0x0000000008000ae0       0xbc Drivers/STM32F4xx_HAL_Driver/Src/stm32f4xx_hal_i2c.o
 .text.I2C_WaitOnTXEFlagUntilTimeout
                0x0000000008000b9c       0x4e Drivers/STM32F4xx_HAL_Driver/Src/stm32f4xx_hal_i2c.o
 .text.I2C_WaitOnBTFFlagUntilTimeout
                0x0000000008000bea       0x4e Drivers/STM32F4xx_HAL_Driver/Src/stm32f4xx_hal_i2c.o
 .text.HAL_I2C_Init
                0x0000000008000c38      0x11c Drivers/STM32F4xx_HAL_Driver/Src/stm32f4xx_hal_i2c.o
                0x0000000008000c38                HAL_I2C_Init
 .text.HAL_I2C_Master_Transmit
                0x0000000008000d54      0x184 Drivers/STM32F4xx_HAL_Driver/Src/stm32f4xx_hal_i2c.o
                0x0000000008000d54                HAL_I2C_Master_Transmit
 .text.HAL_RCC_OscConfig
                0x0000000008000ed8      0x398 Drivers/STM32F4xx_HAL_Driver/Src/stm32f4xx_hal_rcc.o
                0x0000000008000ed8                HAL_RCC_OscConfig
 .text.HAL_RCC_GetSysClockFreq
                0x0000000008001270       0xa4 Drivers/STM32F4xx_HAL_Driver/Src/stm32f4xx_hal_rcc.o
                0x0000000008001270                HAL_RCC_GetSysClockFreq
 .text.HAL_RCC_ClockConfig
                0x0000000008001314      0x158 Drivers/STM32F4xx_HAL_Driver/Src/stm32f4xx_hal_rcc.o
                0x0000000008001314                HAL_RCC_ClockConfig
 .text.HAL_RCC_GetHCLKFreq
                0x000000000800146c        0xc Drivers/STM32F4xx_HAL_Driver/Src/stm32f4xx_hal_rcc.o
                0x000000000800146c                HAL_RCC_GetHCLKFreq
 .text.HAL_RCC_GetPCLK1Freq
                0x0000000008001478       0x20 Drivers/STM32F4xx_HAL_Driver/Src/stm32f4xx_hal_rcc.o
                0x0000000008001478                HAL_RCC_GetPCLK1Freq
 .text.SPI_WaitFlagStateUntilTimeout
                0x0000000008001498       0x96 Drivers/STM32F4xx_HAL_Driver/Src/stm32f4xx_hal_spi.o
 .text.SPI_CheckFlag_BSY
                0x000000000800152e       0x26 Drivers/STM32F4xx_HAL_Driver/Src/stm32f4xx_hal_spi.o
 .text.HAL_SPI_Init
                0x0000000008001554       0x80 Drivers/STM32F4xx_HAL_Driver/Src/stm32f4xx_hal_spi.o
                0x0000000008001554                HAL_SPI_Init
 .text.HAL_SPI_DeInit
                0x00000000080015d4       0x2c Drivers/STM32F4xx_HAL_Driver/Src/stm32f4xx_hal_spi.o
                0x00000000080015d4                HAL_SPI_DeInit
 .text.HAL_SPI_Transmit
                0x0000000008001600      0x1ac Drivers/STM32F4xx_HAL_Driver/Src/stm32f4xx_hal_spi.o
                0x0000000008001600                HAL_SPI_Transmit
 .text.HAL_SPI_TransmitReceive
                0x00000000080017ac      0x242 Drivers/STM32F4xx_HAL_Driver/Src/stm32f4xx_hal_spi.o
                0x00000000080017ac                HAL_SPI_TransmitReceive
 .text.HAL_SPI_Receive
                0x00000000080019ee      0x16a Drivers/STM32F4xx_HAL_Driver/Src/stm32f4xx_hal_spi.o
                0x00000000080019ee                HAL_SPI_Receive
 .text.TIM_OC1_SetConfig
                0x0000000008001b58       0x64 Drivers/STM32F4xx_HAL_Driver/Src/stm32f4xx_hal_tim.o
 .text.TIM_OC3_SetConfig
                0x0000000008001bbc       0x6c Drivers/STM32F4xx_HAL_Driver/Src/stm32f4xx_hal_tim.o
 .text.TIM_OC4_SetConfig
                0x0000000008001c28       0x5c Drivers/STM32F4xx_HAL_Driver/Src/stm32f4xx_hal_tim.o
 .text.HAL_TIM_Base_Start
                0x0000000008001c84       0x1a Drivers/STM32F4xx_HAL_Driver/Src/stm32f4xx_hal_tim.o
                0x0000000008001c84                HAL_TIM_Base_Start
 .text.HAL_TIM_Base_Start_IT
                0x0000000008001c9e       0x18 Drivers/STM32F4xx_HAL_Driver/Src/stm32f4xx_hal_tim.o
                0x0000000008001c9e                HAL_TIM_Base_Start_IT
 .text.HAL_TIM_PeriodElapsedCallback
                0x0000000008001cb6        0x2 Drivers/STM32F4xx_HAL_Driver/Src/stm32f4xx_hal_tim.o
                0x0000000008001cb6                HAL_TIM_PeriodElapsedCallback
 .text.HAL_TIM_OC_DelayElapsedCallback
                0x0000000008001cb8        0x2 Drivers/STM32F4xx_HAL_Driver/Src/stm32f4xx_hal_tim.o
                0x0000000008001cb8                HAL_TIM_OC_DelayElapsedCallback
 .text.HAL_TIM_IC_CaptureCallback
                0x0000000008001cba        0x2 Drivers/STM32F4xx_HAL_Driver/Src/stm32f4xx_hal_tim.o
                0x0000000008001cba                HAL_TIM_IC_CaptureCallback
 .text.HAL_TIM_PWM_PulseFinishedCallback
                0x0000000008001cbc        0x2 Drivers/STM32F4xx_HAL_Driver/Src/stm32f4xx_hal_tim.o
                0x0000000008001cbc                HAL_TIM_PWM_PulseFinishedCallback
 .text.HAL_TIM_TriggerCallback
                0x0000000008001cbe        0x2 Drivers/STM32F4xx_HAL_Driver/Src/stm32f4xx_hal_tim.o
                0x0000000008001cbe                HAL_TIM_TriggerCallback
 .text.HAL_TIM_IRQHandler
                0x0000000008001cc0      0x17a Drivers/STM32F4xx_HAL_Driver/Src/stm32f4xx_hal_tim.o
                0x0000000008001cc0                HAL_TIM_IRQHandler
 *fill*         0x0000000008001e3a        0x2 
 .text.TIM_Base_SetConfig
                0x0000000008001e3c      0x11c Drivers/STM32F4xx_HAL_Driver/Src/stm32f4xx_hal_tim.o
                0x0000000008001e3c                TIM_Base_SetConfig
 .text.HAL_TIM_OC_Init
                0x0000000008001f58       0x32 Drivers/STM32F4xx_HAL_Driver/Src/stm32f4xx_hal_tim.o
                0x0000000008001f58                HAL_TIM_OC_Init
 .text.HAL_TIM_PWM_Init
                0x0000000008001f8a       0x32 Drivers/STM32F4xx_HAL_Driver/Src/stm32f4xx_hal_tim.o
                0x0000000008001f8a                HAL_TIM_PWM_Init
 .text.TIM_OC2_SetConfig
                0x0000000008001fbc       0x70 Drivers/STM32F4xx_HAL_Driver/Src/stm32f4xx_hal_tim.o
                0x0000000008001fbc                TIM_OC2_SetConfig
 .text.HAL_TIM_OC_ConfigChannel
                0x000000000800202c       0x5e Drivers/STM32F4xx_HAL_Driver/Src/stm32f4xx_hal_tim.o
                0x000000000800202c                HAL_TIM_OC_ConfigChannel
 .text.HAL_TIM_PWM_ConfigChannel
                0x000000000800208a       0xdc Drivers/STM32F4xx_HAL_Driver/Src/stm32f4xx_hal_tim.o
                0x000000000800208a                HAL_TIM_PWM_ConfigChannel
 .text.TIM_CCxChannelCmd
                0x0000000008002166       0x1e Drivers/STM32F4xx_HAL_Driver/Src/stm32f4xx_hal_tim.o
                0x0000000008002166                TIM_CCxChannelCmd
 .text.HAL_TIM_OC_Start_IT
                0x0000000008002184       0x88 Drivers/STM32F4xx_HAL_Driver/Src/stm32f4xx_hal_tim.o
                0x0000000008002184                HAL_TIM_OC_Start_IT
 .text.HAL_TIM_PWM_Start
                0x000000000800220c       0x44 Drivers/STM32F4xx_HAL_Driver/Src/stm32f4xx_hal_tim.o
                0x000000000800220c                HAL_TIM_PWM_Start
 .text.HAL_TIMEx_MasterConfigSynchronization
                0x0000000008002250       0x52 Drivers/STM32F4xx_HAL_Driver/Src/stm32f4xx_hal_tim_ex.o
                0x0000000008002250                HAL_TIMEx_MasterConfigSynchronization
 .text.HAL_TIMEx_ConfigBreakDeadTime
                0x00000000080022a2       0x58 Drivers/STM32F4xx_HAL_Driver/Src/stm32f4xx_hal_tim_ex.o
                0x00000000080022a2                HAL_TIMEx_ConfigBreakDeadTime
 .text.HAL_TIMEx_CommutationCallback
                0x00000000080022fa        0x2 Drivers/STM32F4xx_HAL_Driver/Src/stm32f4xx_hal_tim_ex.o
                0x00000000080022fa                HAL_TIMEx_CommutationCallback
 .text.HAL_TIMEx_BreakCallback
                0x00000000080022fc        0x2 Drivers/STM32F4xx_HAL_Driver/Src/stm32f4xx_hal_tim_ex.o
                0x00000000080022fc                HAL_TIMEx_BreakCallback
 *fill*         0x00000000080022fe        0x2 
 .text.MX_GPIO_Init
                0x0000000008002300       0xd8 Src/gpio.o
                0x0000000008002300                MX_GPIO_Init
 .text.MX_I2C2_Init
                0x00000000080023d8       0x44 Src/i2c.o
                0x00000000080023d8                MX_I2C2_Init
 .text.HAL_I2C_MspInit
                0x000000000800241c       0x58 Src/i2c.o
                0x000000000800241c                HAL_I2C_MspInit
 .text.setMotors
                0x0000000008002474       0x4c Src/main.o
                0x0000000008002474                setMotors
 .text.readSensor
                0x00000000080024c0       0xb0 Src/main.o
                0x00000000080024c0                readSensor
 .text._Error_Handler
                0x0000000008002570        0x2 Src/main.o
                0x0000000008002570                _Error_Handler
 *fill*         0x0000000008002572        0x2 
 .text.SystemClock_Config
                0x0000000008002574       0xc4 Src/main.o
                0x0000000008002574                SystemClock_Config
 .text.main     0x0000000008002638      0x1bc Src/main.o
                0x0000000008002638                main
 .text.pid_update
                0x00000000080027f4       0x78 Src/pid.o
                0x00000000080027f4                pid_update
 .text.MX_SPI2_Init
                0x000000000800286c       0x50 Src/spi.o
                0x000000000800286c                MX_SPI2_Init
 .text.HAL_SPI_MspInit
                0x00000000080028bc       0x54 Src/spi.o
                0x00000000080028bc                HAL_SPI_MspInit
 .text.HAL_SPI_MspDeInit
                0x0000000008002910       0x30 Src/spi.o
                0x0000000008002910                HAL_SPI_MspDeInit
 .text.HAL_MspInit
                0x0000000008002940       0x5e Src/stm32f4xx_hal_msp.o
                0x0000000008002940                HAL_MspInit
 .text.NMI_Handler
                0x000000000800299e        0x2 Src/stm32f4xx_it.o
                0x000000000800299e                NMI_Handler
 .text.HardFault_Handler
                0x00000000080029a0        0x2 Src/stm32f4xx_it.o
                0x00000000080029a0                HardFault_Handler
 .text.MemManage_Handler
                0x00000000080029a2        0x2 Src/stm32f4xx_it.o
                0x00000000080029a2                MemManage_Handler
 .text.BusFault_Handler
                0x00000000080029a4        0x2 Src/stm32f4xx_it.o
                0x00000000080029a4                BusFault_Handler
 .text.UsageFault_Handler
                0x00000000080029a6        0x2 Src/stm32f4xx_it.o
                0x00000000080029a6                UsageFault_Handler
 .text.SVC_Handler
                0x00000000080029a8        0x2 Src/stm32f4xx_it.o
                0x00000000080029a8                SVC_Handler
 .text.DebugMon_Handler
                0x00000000080029aa        0x2 Src/stm32f4xx_it.o
                0x00000000080029aa                DebugMon_Handler
 .text.PendSV_Handler
                0x00000000080029ac        0x2 Src/stm32f4xx_it.o
                0x00000000080029ac                PendSV_Handler
 .text.SysTick_Handler
                0x00000000080029ae        0xc Src/stm32f4xx_it.o
                0x00000000080029ae                SysTick_Handler
 *fill*         0x00000000080029ba        0x2 
 .text.TIM1_BRK_TIM9_IRQHandler
                0x00000000080029bc       0x10 Src/stm32f4xx_it.o
                0x00000000080029bc                TIM1_BRK_TIM9_IRQHandler
 .text.TIM1_UP_TIM10_IRQHandler
                0x00000000080029cc       0x48 Src/stm32f4xx_it.o
                0x00000000080029cc                TIM1_UP_TIM10_IRQHandler
 .text.TIM1_TRG_COM_TIM11_IRQHandler
                0x0000000008002a14       0x10 Src/stm32f4xx_it.o
                0x0000000008002a14                TIM1_TRG_COM_TIM11_IRQHandler
 .text.TIM1_CC_IRQHandler
                0x0000000008002a24       0x9c Src/stm32f4xx_it.o
                0x0000000008002a24                TIM1_CC_IRQHandler
 .text.SystemInit
                0x0000000008002ac0       0x4c Src/system_stm32f4xx.o
                0x0000000008002ac0                SystemInit
 .text.MX_TIM1_Init
                0x0000000008002b0c       0xe8 Src/tim.o
                0x0000000008002b0c                MX_TIM1_Init
 .text.HAL_TIM_OC_MspInit
                0x0000000008002bf4       0x70 Src/tim.o
                0x0000000008002bf4                HAL_TIM_OC_MspInit
 .text.HAL_TIM_PWM_MspInit
                0x0000000008002c64       0x50 Src/tim.o
                0x0000000008002c64                HAL_TIM_PWM_MspInit
 .text.HAL_TIM_MspPostInit
                0x0000000008002cb4       0x6c Src/tim.o
                0x0000000008002cb4                HAL_TIM_MspPostInit
 .text.MX_TIM2_Init
                0x0000000008002d20       0x94 Src/tim.o
                0x0000000008002d20                MX_TIM2_Init
 .text.MX_TIM4_Init
                0x0000000008002db4       0x7c Src/tim.o
                0x0000000008002db4                MX_TIM4_Init
 .text.Reset_Handler
                0x0000000008002e30       0x50 startup/startup_stm32f415xx.o
                0x0000000008002e30                Reset_Handler
 .text.Default_Handler
                0x0000000008002e80        0x2 startup/startup_stm32f415xx.o
                0x0000000008002e80                RTC_Alarm_IRQHandler
                0x0000000008002e80                HASH_RNG_IRQHandler
                0x0000000008002e80                EXTI2_IRQHandler
                0x0000000008002e80                TIM8_CC_IRQHandler
                0x0000000008002e80                DMA2_Stream5_IRQHandler
                0x0000000008002e80                DMA1_Stream5_IRQHandler
                0x0000000008002e80                PVD_IRQHandler
                0x0000000008002e80                SDIO_IRQHandler
                0x0000000008002e80                TAMP_STAMP_IRQHandler
                0x0000000008002e80                CAN2_RX1_IRQHandler
                0x0000000008002e80                EXTI3_IRQHandler
                0x0000000008002e80                TIM8_TRG_COM_TIM14_IRQHandler
                0x0000000008002e80                TIM8_UP_TIM13_IRQHandler
                0x0000000008002e80                I2C3_ER_IRQHandler
                0x0000000008002e80                EXTI0_IRQHandler
                0x0000000008002e80                I2C2_EV_IRQHandler
                0x0000000008002e80                DMA1_Stream2_IRQHandler
                0x0000000008002e80                CAN1_RX0_IRQHandler
                0x0000000008002e80                FPU_IRQHandler
                0x0000000008002e80                OTG_HS_WKUP_IRQHandler
                0x0000000008002e80                CAN2_SCE_IRQHandler
                0x0000000008002e80                DMA2_Stream2_IRQHandler
                0x0000000008002e80                SPI1_IRQHandler
                0x0000000008002e80                TIM6_DAC_IRQHandler
                0x0000000008002e80                CAN2_RX0_IRQHandler
                0x0000000008002e80                DMA2_Stream3_IRQHandler
                0x0000000008002e80                USART6_IRQHandler
                0x0000000008002e80                USART3_IRQHandler
                0x0000000008002e80                CRYP_IRQHandler
                0x0000000008002e80                CAN1_RX1_IRQHandler
                0x0000000008002e80                UART5_IRQHandler
                0x0000000008002e80                DMA2_Stream0_IRQHandler
                0x0000000008002e80                TIM4_IRQHandler
                0x0000000008002e80                I2C1_EV_IRQHandler
                0x0000000008002e80                DMA1_Stream6_IRQHandler
                0x0000000008002e80                DMA1_Stream1_IRQHandler
                0x0000000008002e80                UART4_IRQHandler
                0x0000000008002e80                TIM3_IRQHandler
                0x0000000008002e80                RCC_IRQHandler
                0x0000000008002e80                TIM8_BRK_TIM12_IRQHandler
                0x0000000008002e80                Default_Handler
                0x0000000008002e80                EXTI15_10_IRQHandler
                0x0000000008002e80                ADC_IRQHandler
                0x0000000008002e80                DMA1_Stream7_IRQHandler
                0x0000000008002e80                TIM7_IRQHandler
                0x0000000008002e80                CAN2_TX_IRQHandler
                0x0000000008002e80                TIM5_IRQHandler
                0x0000000008002e80                DMA2_Stream7_IRQHandler
                0x0000000008002e80                I2C3_EV_IRQHandler
                0x0000000008002e80                EXTI9_5_IRQHandler
                0x0000000008002e80                RTC_WKUP_IRQHandler
                0x0000000008002e80                SPI2_IRQHandler
                0x0000000008002e80                OTG_HS_EP1_IN_IRQHandler
                0x0000000008002e80                DMA1_Stream0_IRQHandler
                0x0000000008002e80                CAN1_TX_IRQHandler
                0x0000000008002e80                EXTI4_IRQHandler
                0x0000000008002e80                FSMC_IRQHandler
                0x0000000008002e80                OTG_HS_EP1_OUT_IRQHandler
                0x0000000008002e80                WWDG_IRQHandler
                0x0000000008002e80                TIM2_IRQHandler
                0x0000000008002e80                OTG_FS_WKUP_IRQHandler
                0x0000000008002e80                OTG_HS_IRQHandler
                0x0000000008002e80                EXTI1_IRQHandler
                0x0000000008002e80                USART2_IRQHandler
                0x0000000008002e80                I2C2_ER_IRQHandler
                0x0000000008002e80                DMA2_Stream1_IRQHandler
                0x0000000008002e80                CAN1_SCE_IRQHandler
                0x0000000008002e80                FLASH_IRQHandler
                0x0000000008002e80                DMA2_Stream4_IRQHandler
                0x0000000008002e80                USART1_IRQHandler
                0x0000000008002e80                OTG_FS_IRQHandler
                0x0000000008002e80                SPI3_IRQHandler
                0x0000000008002e80                DMA1_Stream4_IRQHandler
                0x0000000008002e80                I2C1_ER_IRQHandler
                0x0000000008002e80                DMA2_Stream6_IRQHandler
                0x0000000008002e80                DMA1_Stream3_IRQHandler
 *fill*         0x0000000008002e82        0x2 
 .text.__libc_init_array
                0x0000000008002e84       0x48 /home/atmelfan/Ac6/SystemWorkbench/plugins/fr.ac6.mcu.externaltools.arm-none.linux64_1.15.0.201708311556/tools/compiler/bin/../lib/gcc/arm-none-eabi/6.3.1/../../../../arm-none-eabi/lib/thumb/v7e-m/fpv4-sp/hard/libc_nano.a(lib_a-init.o)
                0x0000000008002e84                __libc_init_array
 *(.glue_7)
 .glue_7        0x0000000008002ecc        0x0 linker stubs
 *(.glue_7t)
 .glue_7t       0x0000000008002ecc        0x0 linker stubs
 *(.eh_frame)
 .eh_frame      0x0000000008002ecc        0x0 /home/atmelfan/Ac6/SystemWorkbench/plugins/fr.ac6.mcu.externaltools.arm-none.linux64_1.15.0.201708311556/tools/compiler/bin/../lib/gcc/arm-none-eabi/6.3.1/thumb/v7e-m/fpv4-sp/hard/crtbegin.o
 *(.init)
 .init          0x0000000008002ecc        0x4 /home/atmelfan/Ac6/SystemWorkbench/plugins/fr.ac6.mcu.externaltools.arm-none.linux64_1.15.0.201708311556/tools/compiler/bin/../lib/gcc/arm-none-eabi/6.3.1/thumb/v7e-m/fpv4-sp/hard/crti.o
                0x0000000008002ecc                _init
 .init          0x0000000008002ed0        0x8 /home/atmelfan/Ac6/SystemWorkbench/plugins/fr.ac6.mcu.externaltools.arm-none.linux64_1.15.0.201708311556/tools/compiler/bin/../lib/gcc/arm-none-eabi/6.3.1/thumb/v7e-m/fpv4-sp/hard/crtn.o
 *(.fini)
 .fini          0x0000000008002ed8        0x4 /home/atmelfan/Ac6/SystemWorkbench/plugins/fr.ac6.mcu.externaltools.arm-none.linux64_1.15.0.201708311556/tools/compiler/bin/../lib/gcc/arm-none-eabi/6.3.1/thumb/v7e-m/fpv4-sp/hard/crti.o
                0x0000000008002ed8                _fini
 .fini          0x0000000008002edc        0x8 /home/atmelfan/Ac6/SystemWorkbench/plugins/fr.ac6.mcu.externaltools.arm-none.linux64_1.15.0.201708311556/tools/compiler/bin/../lib/gcc/arm-none-eabi/6.3.1/thumb/v7e-m/fpv4-sp/hard/crtn.o
                0x0000000008002ee4                . = ALIGN (0x4)
                0x0000000008002ee4                _etext = .

.vfp11_veneer   0x0000000008002ee4        0x0
 .vfp11_veneer  0x0000000008002ee4        0x0 linker stubs

.v4_bx          0x0000000008002ee4        0x0
 .v4_bx         0x0000000008002ee4        0x0 linker stubs

.iplt           0x0000000008002ee4        0x0
 .iplt          0x0000000008002ee4        0x0 /home/atmelfan/Ac6/SystemWorkbench/plugins/fr.ac6.mcu.externaltools.arm-none.linux64_1.15.0.201708311556/tools/compiler/bin/../lib/gcc/arm-none-eabi/6.3.1/thumb/v7e-m/fpv4-sp/hard/crtbegin.o

.rodata         0x0000000008002ee4       0x58
                0x0000000008002ee4                . = ALIGN (0x4)
 *(.rodata)
 .rodata        0x0000000008002ee4       0x18 Src/system_stm32f4xx.o
                0x0000000008002ee4                AHBPrescTable
                0x0000000008002ef4                APBPrescTable
 *(.rodata*)
 .rodata.str1.4
                0x0000000008002efc        0xd Src/i2c.o
 *fill*         0x0000000008002f09        0x3 
 .rodata.str1.4
                0x0000000008002f0c        0xe Src/main.o
 *fill*         0x0000000008002f1a        0x2 
 .rodata.str1.4
                0x0000000008002f1c        0xd Src/spi.o
 *fill*         0x0000000008002f29        0x3 
 .rodata.str1.4
                0x0000000008002f2c       0x10 Src/tim.o
                                          0xd (size before relaxing)
                0x0000000008002f3c                . = ALIGN (0x4)

.ARM.extab
 *(.ARM.extab* .gnu.linkonce.armextab.*)

.ARM            0x0000000008002f3c        0x8
                0x0000000008002f3c                __exidx_start = .
 *(.ARM.exidx*)
 .ARM.exidx     0x0000000008002f3c        0x8 /home/atmelfan/Ac6/SystemWorkbench/plugins/fr.ac6.mcu.externaltools.arm-none.linux64_1.15.0.201708311556/tools/compiler/bin/../lib/gcc/arm-none-eabi/6.3.1/thumb/v7e-m/fpv4-sp/hard/libgcc.a(_udivmoddi4.o)
                0x0000000008002f44                __exidx_end = .

.rel.dyn        0x0000000008002f44        0x0
 .rel.iplt      0x0000000008002f44        0x0 /home/atmelfan/Ac6/SystemWorkbench/plugins/fr.ac6.mcu.externaltools.arm-none.linux64_1.15.0.201708311556/tools/compiler/bin/../lib/gcc/arm-none-eabi/6.3.1/thumb/v7e-m/fpv4-sp/hard/crtbegin.o

.preinit_array  0x0000000008002f44        0x0
                0x0000000008002f44                PROVIDE (__preinit_array_start, .)
 *(.preinit_array*)
                0x0000000008002f44                PROVIDE (__preinit_array_end, .)

.init_array     0x0000000008002f44        0x4
                0x0000000008002f44                PROVIDE (__init_array_start, .)
 *(SORT(.init_array.*))
 *(.init_array*)
 .init_array    0x0000000008002f44        0x4 /home/atmelfan/Ac6/SystemWorkbench/plugins/fr.ac6.mcu.externaltools.arm-none.linux64_1.15.0.201708311556/tools/compiler/bin/../lib/gcc/arm-none-eabi/6.3.1/thumb/v7e-m/fpv4-sp/hard/crtbegin.o
                0x0000000008002f48                PROVIDE (__init_array_end, .)

.fini_array     0x0000000008002f48        0x4
                [!provide]                        PROVIDE (__fini_array_start, .)
 *(SORT(.fini_array.*))
 *(.fini_array*)
 .fini_array    0x0000000008002f48        0x4 /home/atmelfan/Ac6/SystemWorkbench/plugins/fr.ac6.mcu.externaltools.arm-none.linux64_1.15.0.201708311556/tools/compiler/bin/../lib/gcc/arm-none-eabi/6.3.1/thumb/v7e-m/fpv4-sp/hard/crtbegin.o
                [!provide]                        PROVIDE (__fini_array_end, .)
                0x0000000008002f4c                _sidata = LOADADDR (.data)

.data           0x0000000020000000       0x20 load address 0x0000000008002f4c
                0x0000000020000000                . = ALIGN (0x4)
                0x0000000020000000                _sdata = .
 *(.data)
 .data          0x0000000020000000        0x8 Drivers/STM32F4xx_HAL_Driver/Src/stm32f4xx_hal.o
                0x0000000020000000                uwTickFreq
                0x0000000020000004                uwTickPrio
 .data          0x0000000020000008       0x11 Src/main.o
                0x0000000020000008                sensorIDs
                0x000000002000000c                GyroAccConfig
                0x0000000020000014                data
 *fill*         0x0000000020000019        0x3 
 .data          0x000000002000001c        0x4 Src/system_stm32f4xx.o
                0x000000002000001c                SystemCoreClock
 *(.data*)
                0x0000000020000020                . = ALIGN (0x4)
                0x0000000020000020                _edata = .
                0x0000000008002f6c                _siccmram = LOADADDR (.ccmram)

.jcr            0x0000000020000020        0x0 load address 0x0000000008002f6c
 .jcr           0x0000000020000020        0x0 /home/atmelfan/Ac6/SystemWorkbench/plugins/fr.ac6.mcu.externaltools.arm-none.linux64_1.15.0.201708311556/tools/compiler/bin/../lib/gcc/arm-none-eabi/6.3.1/thumb/v7e-m/fpv4-sp/hard/crtbegin.o

.igot.plt       0x0000000020000020        0x0 load address 0x0000000008002f6c
 .igot.plt      0x0000000020000020        0x0 /home/atmelfan/Ac6/SystemWorkbench/plugins/fr.ac6.mcu.externaltools.arm-none.linux64_1.15.0.201708311556/tools/compiler/bin/../lib/gcc/arm-none-eabi/6.3.1/thumb/v7e-m/fpv4-sp/hard/crtbegin.o

.ccmram         0x0000000010000000        0x0 load address 0x0000000008002f6c
                0x0000000010000000                . = ALIGN (0x4)
                0x0000000010000000                _sccmram = .
 *(.ccmram)
 *(.ccmram*)
                0x0000000010000000                . = ALIGN (0x4)
                0x0000000010000000                _eccmram = .
                0x0000000010000000                . = ALIGN (0x4)

.bss            0x0000000020000020      0x190
                0x0000000020000020                _sbss = .
                0x0000000020000020                __bss_start__ = _sbss
 *(.bss)
 .bss           0x0000000020000020       0x1c /home/atmelfan/Ac6/SystemWorkbench/plugins/fr.ac6.mcu.externaltools.arm-none.linux64_1.15.0.201708311556/tools/compiler/bin/../lib/gcc/arm-none-eabi/6.3.1/thumb/v7e-m/fpv4-sp/hard/crtbegin.o
 .bss           0x000000002000003c       0x10 Src/main.o
                0x000000002000003c                rxBuf
                0x0000000020000044                distances
 *(.bss*)
 *(COMMON)
 COMMON         0x000000002000004c        0x4 Drivers/STM32F4xx_HAL_Driver/Src/stm32f4xx_hal.o
                0x000000002000004c                uwTick
 COMMON         0x0000000020000050       0x54 Src/i2c.o
                0x0000000020000050                hi2c2
 COMMON         0x00000000200000a4       0x58 Src/spi.o
                0x00000000200000a4                hspi2
 COMMON         0x00000000200000fc       0xb4 Src/tim.o
                0x00000000200000fc                htim4
                0x0000000020000138                htim1
                0x0000000020000174                htim2
                0x00000000200001b0                . = ALIGN (0x4)
                0x00000000200001b0                _ebss = .
                0x00000000200001b0                __bss_end__ = _ebss

._user_heap_stack
                0x00000000200001b0      0x600
                0x00000000200001b0                . = ALIGN (0x8)
                [!provide]                        PROVIDE (end, .)
                [!provide]                        PROVIDE (_end, .)
                0x00000000200003b0                . = (. + _Min_Heap_Size)
 *fill*         0x00000000200001b0      0x200 
                0x00000000200007b0                . = (. + _Min_Stack_Size)
 *fill*         0x00000000200003b0      0x400 
                0x00000000200007b0                . = ALIGN (0x8)

/DISCARD/
 libc.a(*)
 libm.a(*)
 libgcc.a(*)

.ARM.attributes
                0x0000000000000000       0x30
 *(.ARM.attributes)
 .ARM.attributes
                0x0000000000000000       0x22 /home/atmelfan/Ac6/SystemWorkbench/plugins/fr.ac6.mcu.externaltools.arm-none.linux64_1.15.0.201708311556/tools/compiler/bin/../lib/gcc/arm-none-eabi/6.3.1/thumb/v7e-m/fpv4-sp/hard/crti.o
 .ARM.attributes
                0x0000000000000022       0x34 /home/atmelfan/Ac6/SystemWorkbench/plugins/fr.ac6.mcu.externaltools.arm-none.linux64_1.15.0.201708311556/tools/compiler/bin/../lib/gcc/arm-none-eabi/6.3.1/thumb/v7e-m/fpv4-sp/hard/crtbegin.o
 .ARM.attributes
                0x0000000000000056       0x39 Drivers/STM32F4xx_HAL_Driver/Src/stm32f4xx_hal.o
 .ARM.attributes
                0x000000000000008f       0x39 Drivers/STM32F4xx_HAL_Driver/Src/stm32f4xx_hal_cortex.o
 .ARM.attributes
                0x00000000000000c8       0x39 Drivers/STM32F4xx_HAL_Driver/Src/stm32f4xx_hal_gpio.o
 .ARM.attributes
                0x0000000000000101       0x39 Drivers/STM32F4xx_HAL_Driver/Src/stm32f4xx_hal_i2c.o
 .ARM.attributes
                0x000000000000013a       0x39 Drivers/STM32F4xx_HAL_Driver/Src/stm32f4xx_hal_rcc.o
 .ARM.attributes
                0x0000000000000173       0x39 Drivers/STM32F4xx_HAL_Driver/Src/stm32f4xx_hal_spi.o
 .ARM.attributes
                0x00000000000001ac       0x39 Drivers/STM32F4xx_HAL_Driver/Src/stm32f4xx_hal_tim.o
 .ARM.attributes
                0x00000000000001e5       0x39 Drivers/STM32F4xx_HAL_Driver/Src/stm32f4xx_hal_tim_ex.o
 .ARM.attributes
                0x000000000000021e       0x39 Src/gpio.o
 .ARM.attributes
                0x0000000000000257       0x39 Src/i2c.o
 .ARM.attributes
                0x0000000000000290       0x39 Src/main.o
 .ARM.attributes
                0x00000000000002c9       0x39 Src/pid.o
 .ARM.attributes
                0x0000000000000302       0x39 Src/spi.o
 .ARM.attributes
                0x000000000000033b       0x39 Src/stm32f4xx_hal_msp.o
 .ARM.attributes
                0x0000000000000374       0x39 Src/stm32f4xx_it.o
 .ARM.attributes
                0x00000000000003ad       0x39 Src/system_stm32f4xx.o
 .ARM.attributes
                0x00000000000003e6       0x39 Src/tim.o
 .ARM.attributes
                0x000000000000041f       0x21 startup/startup_stm32f415xx.o
 .ARM.attributes
                0x0000000000000440       0x22 /home/atmelfan/Ac6/SystemWorkbench/plugins/fr.ac6.mcu.externaltools.arm-none.linux64_1.15.0.201708311556/tools/compiler/bin/../lib/gcc/arm-none-eabi/6.3.1/thumb/v7e-m/fpv4-sp/hard/libgcc.a(_aeabi_uldivmod.o)
 .ARM.attributes
                0x0000000000000462       0x34 /home/atmelfan/Ac6/SystemWorkbench/plugins/fr.ac6.mcu.externaltools.arm-none.linux64_1.15.0.201708311556/tools/compiler/bin/../lib/gcc/arm-none-eabi/6.3.1/thumb/v7e-m/fpv4-sp/hard/libgcc.a(_udivmoddi4.o)
 .ARM.attributes
                0x0000000000000496       0x22 /home/atmelfan/Ac6/SystemWorkbench/plugins/fr.ac6.mcu.externaltools.arm-none.linux64_1.15.0.201708311556/tools/compiler/bin/../lib/gcc/arm-none-eabi/6.3.1/thumb/v7e-m/fpv4-sp/hard/libgcc.a(_dvmd_tls.o)
 .ARM.attributes
                0x00000000000004b8       0x34 /home/atmelfan/Ac6/SystemWorkbench/plugins/fr.ac6.mcu.externaltools.arm-none.linux64_1.15.0.201708311556/tools/compiler/bin/../lib/gcc/arm-none-eabi/6.3.1/../../../../arm-none-eabi/lib/thumb/v7e-m/fpv4-sp/hard/libc_nano.a(lib_a-init.o)
 .ARM.attributes
                0x00000000000004ec       0x22 /home/atmelfan/Ac6/SystemWorkbench/plugins/fr.ac6.mcu.externaltools.arm-none.linux64_1.15.0.201708311556/tools/compiler/bin/../lib/gcc/arm-none-eabi/6.3.1/thumb/v7e-m/fpv4-sp/hard/crtn.o
OUTPUT(motor_driver.elf elf32-littlearm)

.debug_info     0x0000000000000000    0x19086
 .debug_info    0x0000000000000000     0x11d0 Drivers/STM32F4xx_HAL_Driver/Src/stm32f4xx_hal.o
 .debug_info    0x00000000000011d0     0x174e Drivers/STM32F4xx_HAL_Driver/Src/stm32f4xx_hal_cortex.o
 .debug_info    0x000000000000291e      0xf97 Drivers/STM32F4xx_HAL_Driver/Src/stm32f4xx_hal_gpio.o
 .debug_info    0x00000000000038b5     0x36e2 Drivers/STM32F4xx_HAL_Driver/Src/stm32f4xx_hal_i2c.o
 .debug_info    0x0000000000006f97     0x125f Drivers/STM32F4xx_HAL_Driver/Src/stm32f4xx_hal_rcc.o
 .debug_info    0x00000000000081f6     0x220a Drivers/STM32F4xx_HAL_Driver/Src/stm32f4xx_hal_spi.o
 .debug_info    0x000000000000a400     0x3684 Drivers/STM32F4xx_HAL_Driver/Src/stm32f4xx_hal_tim.o
 .debug_info    0x000000000000da84     0x1b26 Drivers/STM32F4xx_HAL_Driver/Src/stm32f4xx_hal_tim_ex.o
 .debug_info    0x000000000000f5aa      0xd67 Src/gpio.o
 .debug_info    0x0000000000010311     0x1228 Src/i2c.o
 .debug_info    0x0000000000011539     0x21db Src/main.o
 .debug_info    0x0000000000013714       0xf3 Src/pid.o
 .debug_info    0x0000000000013807     0x1201 Src/spi.o
 .debug_info    0x0000000000014a08      0xc69 Src/stm32f4xx_hal_msp.o
 .debug_info    0x0000000000015671     0x1148 Src/stm32f4xx_it.o
 .debug_info    0x00000000000167b9      0xd30 Src/system_stm32f4xx.o
 .debug_info    0x00000000000174e9     0x1b2c Src/tim.o
 .debug_info    0x0000000000019015       0x71 startup/startup_stm32f415xx.o

.debug_abbrev   0x0000000000000000     0x2c48
 .debug_abbrev  0x0000000000000000      0x2e3 Drivers/STM32F4xx_HAL_Driver/Src/stm32f4xx_hal.o
 .debug_abbrev  0x00000000000002e3      0x3d4 Drivers/STM32F4xx_HAL_Driver/Src/stm32f4xx_hal_cortex.o
 .debug_abbrev  0x00000000000006b7      0x2a5 Drivers/STM32F4xx_HAL_Driver/Src/stm32f4xx_hal_gpio.o
 .debug_abbrev  0x000000000000095c      0x2f9 Drivers/STM32F4xx_HAL_Driver/Src/stm32f4xx_hal_i2c.o
 .debug_abbrev  0x0000000000000c55      0x331 Drivers/STM32F4xx_HAL_Driver/Src/stm32f4xx_hal_rcc.o
 .debug_abbrev  0x0000000000000f86      0x2f0 Drivers/STM32F4xx_HAL_Driver/Src/stm32f4xx_hal_spi.o
 .debug_abbrev  0x0000000000001276      0x2dc Drivers/STM32F4xx_HAL_Driver/Src/stm32f4xx_hal_tim.o
 .debug_abbrev  0x0000000000001552      0x2dc Drivers/STM32F4xx_HAL_Driver/Src/stm32f4xx_hal_tim_ex.o
 .debug_abbrev  0x000000000000182e      0x229 Src/gpio.o
 .debug_abbrev  0x0000000000001a57      0x256 Src/i2c.o
 .debug_abbrev  0x0000000000001cad      0x342 Src/main.o
 .debug_abbrev  0x0000000000001fef       0xca Src/pid.o
 .debug_abbrev  0x00000000000020b9      0x256 Src/spi.o
 .debug_abbrev  0x000000000000230f      0x209 Src/stm32f4xx_hal_msp.o
 .debug_abbrev  0x0000000000002518      0x25b Src/stm32f4xx_it.o
 .debug_abbrev  0x0000000000002773      0x205 Src/system_stm32f4xx.o
 .debug_abbrev  0x0000000000002978      0x2be Src/tim.o
 .debug_abbrev  0x0000000000002c36       0x12 startup/startup_stm32f415xx.o

.debug_loc      0x0000000000000000     0xa10f
 .debug_loc     0x0000000000000000      0x108 Drivers/STM32F4xx_HAL_Driver/Src/stm32f4xx_hal.o
 .debug_loc     0x0000000000000108      0x5ce Drivers/STM32F4xx_HAL_Driver/Src/stm32f4xx_hal_cortex.o
 .debug_loc     0x00000000000006d6      0x3fd Drivers/STM32F4xx_HAL_Driver/Src/stm32f4xx_hal_gpio.o
 .debug_loc     0x0000000000000ad3     0x3198 Drivers/STM32F4xx_HAL_Driver/Src/stm32f4xx_hal_i2c.o
 .debug_loc     0x0000000000003c6b      0x3e6 Drivers/STM32F4xx_HAL_Driver/Src/stm32f4xx_hal_rcc.o
 .debug_loc     0x0000000000004051     0x1984 Drivers/STM32F4xx_HAL_Driver/Src/stm32f4xx_hal_spi.o
 .debug_loc     0x00000000000059d5     0x34bc Drivers/STM32F4xx_HAL_Driver/Src/stm32f4xx_hal_tim.o
 .debug_loc     0x0000000000008e91      0xe78 Drivers/STM32F4xx_HAL_Driver/Src/stm32f4xx_hal_tim_ex.o
 .debug_loc     0x0000000000009d09       0x5b Src/i2c.o
 .debug_loc     0x0000000000009d64       0xf6 Src/main.o
 .debug_loc     0x0000000000009e5a       0x6e Src/pid.o
 .debug_loc     0x0000000000009ec8       0x5b Src/spi.o
 .debug_loc     0x0000000000009f23      0x13e Src/system_stm32f4xx.o
 .debug_loc     0x000000000000a061       0xae Src/tim.o

.debug_aranges  0x0000000000000000      0xd70
 .debug_aranges
                0x0000000000000000       0xe0 Drivers/STM32F4xx_HAL_Driver/Src/stm32f4xx_hal.o
 .debug_aranges
                0x00000000000000e0       0xa8 Drivers/STM32F4xx_HAL_Driver/Src/stm32f4xx_hal_cortex.o
 .debug_aranges
                0x0000000000000188       0x58 Drivers/STM32F4xx_HAL_Driver/Src/stm32f4xx_hal_gpio.o
 .debug_aranges
                0x00000000000001e0      0x268 Drivers/STM32F4xx_HAL_Driver/Src/stm32f4xx_hal_i2c.o
 .debug_aranges
                0x0000000000000448       0x88 Drivers/STM32F4xx_HAL_Driver/Src/stm32f4xx_hal_rcc.o
 .debug_aranges
                0x00000000000004d0      0x1c8 Drivers/STM32F4xx_HAL_Driver/Src/stm32f4xx_hal_spi.o
 .debug_aranges
                0x0000000000000698      0x368 Drivers/STM32F4xx_HAL_Driver/Src/stm32f4xx_hal_tim.o
 .debug_aranges
                0x0000000000000a00      0x140 Drivers/STM32F4xx_HAL_Driver/Src/stm32f4xx_hal_tim_ex.o
 .debug_aranges
                0x0000000000000b40       0x20 Src/gpio.o
 .debug_aranges
                0x0000000000000b60       0x30 Src/i2c.o
 .debug_aranges
                0x0000000000000b90       0x48 Src/main.o
 .debug_aranges
                0x0000000000000bd8       0x20 Src/pid.o
 .debug_aranges
                0x0000000000000bf8       0x30 Src/spi.o
 .debug_aranges
                0x0000000000000c28       0x20 Src/stm32f4xx_hal_msp.o
 .debug_aranges
                0x0000000000000c48       0x80 Src/stm32f4xx_it.o
 .debug_aranges
                0x0000000000000cc8       0x28 Src/system_stm32f4xx.o
 .debug_aranges
                0x0000000000000cf0       0x58 Src/tim.o
 .debug_aranges
                0x0000000000000d48       0x28 startup/startup_stm32f415xx.o

.debug_ranges   0x0000000000000000      0xce8
 .debug_ranges  0x0000000000000000       0xd0 Drivers/STM32F4xx_HAL_Driver/Src/stm32f4xx_hal.o
 .debug_ranges  0x00000000000000d0       0xf8 Drivers/STM32F4xx_HAL_Driver/Src/stm32f4xx_hal_cortex.o
 .debug_ranges  0x00000000000001c8       0x48 Drivers/STM32F4xx_HAL_Driver/Src/stm32f4xx_hal_gpio.o
 .debug_ranges  0x0000000000000210      0x258 Drivers/STM32F4xx_HAL_Driver/Src/stm32f4xx_hal_i2c.o
 .debug_ranges  0x0000000000000468       0x90 Drivers/STM32F4xx_HAL_Driver/Src/stm32f4xx_hal_rcc.o
 .debug_ranges  0x00000000000004f8      0x1b8 Drivers/STM32F4xx_HAL_Driver/Src/stm32f4xx_hal_spi.o
 .debug_ranges  0x00000000000006b0      0x358 Drivers/STM32F4xx_HAL_Driver/Src/stm32f4xx_hal_tim.o
 .debug_ranges  0x0000000000000a08      0x130 Drivers/STM32F4xx_HAL_Driver/Src/stm32f4xx_hal_tim_ex.o
 .debug_ranges  0x0000000000000b38       0x10 Src/gpio.o
 .debug_ranges  0x0000000000000b48       0x20 Src/i2c.o
 .debug_ranges  0x0000000000000b68       0x50 Src/main.o
 .debug_ranges  0x0000000000000bb8       0x10 Src/pid.o
 .debug_ranges  0x0000000000000bc8       0x20 Src/spi.o
 .debug_ranges  0x0000000000000be8       0x10 Src/stm32f4xx_hal_msp.o
 .debug_ranges  0x0000000000000bf8       0x70 Src/stm32f4xx_it.o
 .debug_ranges  0x0000000000000c68       0x18 Src/system_stm32f4xx.o
 .debug_ranges  0x0000000000000c80       0x48 Src/tim.o
 .debug_ranges  0x0000000000000cc8       0x20 startup/startup_stm32f415xx.o

.debug_macro    0x0000000000000000    0x20a35
 .debug_macro   0x0000000000000000      0x398 Drivers/STM32F4xx_HAL_Driver/Src/stm32f4xx_hal.o
 .debug_macro   0x0000000000000398      0x8bc Drivers/STM32F4xx_HAL_Driver/Src/stm32f4xx_hal.o
 .debug_macro   0x0000000000000c54       0xb2 Drivers/STM32F4xx_HAL_Driver/Src/stm32f4xx_hal.o
 .debug_macro   0x0000000000000d06      0x186 Drivers/STM32F4xx_HAL_Driver/Src/stm32f4xx_hal.o
 .debug_macro   0x0000000000000e8c       0x32 Drivers/STM32F4xx_HAL_Driver/Src/stm32f4xx_hal.o
 .debug_macro   0x0000000000000ebe       0x28 Drivers/STM32F4xx_HAL_Driver/Src/stm32f4xx_hal.o
 .debug_macro   0x0000000000000ee6       0x22 Drivers/STM32F4xx_HAL_Driver/Src/stm32f4xx_hal.o
 .debug_macro   0x0000000000000f08       0x87 Drivers/STM32F4xx_HAL_Driver/Src/stm32f4xx_hal.o
 .debug_macro   0x0000000000000f8f       0x51 Drivers/STM32F4xx_HAL_Driver/Src/stm32f4xx_hal.o
 .debug_macro   0x0000000000000fe0       0xef Drivers/STM32F4xx_HAL_Driver/Src/stm32f4xx_hal.o
 .debug_macro   0x00000000000010cf       0x6a Drivers/STM32F4xx_HAL_Driver/Src/stm32f4xx_hal.o
 .debug_macro   0x0000000000001139      0x1df Drivers/STM32F4xx_HAL_Driver/Src/stm32f4xx_hal.o
 .debug_macro   0x0000000000001318       0x35 Drivers/STM32F4xx_HAL_Driver/Src/stm32f4xx_hal.o
 .debug_macro   0x000000000000134d       0x50 Drivers/STM32F4xx_HAL_Driver/Src/stm32f4xx_hal.o
 .debug_macro   0x000000000000139d      0xe66 Drivers/STM32F4xx_HAL_Driver/Src/stm32f4xx_hal.o
 .debug_macro   0x0000000000002203    0x14648 Drivers/STM32F4xx_HAL_Driver/Src/stm32f4xx_hal.o
 .debug_macro   0x000000000001684b       0x43 Drivers/STM32F4xx_HAL_Driver/Src/stm32f4xx_hal.o
 .debug_macro   0x000000000001688e     0x3535 Drivers/STM32F4xx_HAL_Driver/Src/stm32f4xx_hal.o
 .debug_macro   0x0000000000019dc3       0x58 Drivers/STM32F4xx_HAL_Driver/Src/stm32f4xx_hal.o
 .debug_macro   0x0000000000019e1b       0x35 Drivers/STM32F4xx_HAL_Driver/Src/stm32f4xx_hal.o
 .debug_macro   0x0000000000019e50       0x9c Drivers/STM32F4xx_HAL_Driver/Src/stm32f4xx_hal.o
 .debug_macro   0x0000000000019eec       0x16 Drivers/STM32F4xx_HAL_Driver/Src/stm32f4xx_hal.o
 .debug_macro   0x0000000000019f02       0x97 Drivers/STM32F4xx_HAL_Driver/Src/stm32f4xx_hal.o
 .debug_macro   0x0000000000019f99      0x330 Drivers/STM32F4xx_HAL_Driver/Src/stm32f4xx_hal.o
 .debug_macro   0x000000000001a2c9       0xfd Drivers/STM32F4xx_HAL_Driver/Src/stm32f4xx_hal.o
 .debug_macro   0x000000000001a3c6       0x10 Drivers/STM32F4xx_HAL_Driver/Src/stm32f4xx_hal.o
 .debug_macro   0x000000000001a3d6       0x58 Drivers/STM32F4xx_HAL_Driver/Src/stm32f4xx_hal.o
 .debug_macro   0x000000000001a42e       0x1f Drivers/STM32F4xx_HAL_Driver/Src/stm32f4xx_hal.o
 .debug_macro   0x000000000001a44d       0x43 Drivers/STM32F4xx_HAL_Driver/Src/stm32f4xx_hal.o
 .debug_macro   0x000000000001a490       0x20 Drivers/STM32F4xx_HAL_Driver/Src/stm32f4xx_hal.o
 .debug_macro   0x000000000001a4b0      0x187 Drivers/STM32F4xx_HAL_Driver/Src/stm32f4xx_hal.o
 .debug_macro   0x000000000001a637       0x10 Drivers/STM32F4xx_HAL_Driver/Src/stm32f4xx_hal.o
 .debug_macro   0x000000000001a647       0x1c Drivers/STM32F4xx_HAL_Driver/Src/stm32f4xx_hal.o
 .debug_macro   0x000000000001a663       0x52 Drivers/STM32F4xx_HAL_Driver/Src/stm32f4xx_hal.o
 .debug_macro   0x000000000001a6b5       0x40 Drivers/STM32F4xx_HAL_Driver/Src/stm32f4xx_hal.o
 .debug_macro   0x000000000001a6f5       0x10 Drivers/STM32F4xx_HAL_Driver/Src/stm32f4xx_hal.o
 .debug_macro   0x000000000001a705       0x40 Drivers/STM32F4xx_HAL_Driver/Src/stm32f4xx_hal.o
 .debug_macro   0x000000000001a745       0xd7 Drivers/STM32F4xx_HAL_Driver/Src/stm32f4xx_hal.o
 .debug_macro   0x000000000001a81c       0x16 Drivers/STM32F4xx_HAL_Driver/Src/stm32f4xx_hal.o
 .debug_macro   0x000000000001a832      0x18b Drivers/STM32F4xx_HAL_Driver/Src/stm32f4xx_hal.o
 .debug_macro   0x000000000001a9bd       0x50 Drivers/STM32F4xx_HAL_Driver/Src/stm32f4xx_hal.o
 .debug_macro   0x000000000001aa0d      0x917 Drivers/STM32F4xx_HAL_Driver/Src/stm32f4xx_hal.o
 .debug_macro   0x000000000001b324      0xa02 Drivers/STM32F4xx_HAL_Driver/Src/stm32f4xx_hal.o
 .debug_macro   0x000000000001bd26      0x11e Drivers/STM32F4xx_HAL_Driver/Src/stm32f4xx_hal.o
 .debug_macro   0x000000000001be44      0x130 Drivers/STM32F4xx_HAL_Driver/Src/stm32f4xx_hal.o
 .debug_macro   0x000000000001bf74       0x27 Drivers/STM32F4xx_HAL_Driver/Src/stm32f4xx_hal.o
 .debug_macro   0x000000000001bf9b      0x287 Drivers/STM32F4xx_HAL_Driver/Src/stm32f4xx_hal.o
 .debug_macro   0x000000000001c222       0x5f Drivers/STM32F4xx_HAL_Driver/Src/stm32f4xx_hal.o
 .debug_macro   0x000000000001c281      0x23a Drivers/STM32F4xx_HAL_Driver/Src/stm32f4xx_hal.o
 .debug_macro   0x000000000001c4bb      0x133 Drivers/STM32F4xx_HAL_Driver/Src/stm32f4xx_hal.o
 .debug_macro   0x000000000001c5ee      0x21e Drivers/STM32F4xx_HAL_Driver/Src/stm32f4xx_hal.o
 .debug_macro   0x000000000001c80c       0x2e Drivers/STM32F4xx_HAL_Driver/Src/stm32f4xx_hal.o
 .debug_macro   0x000000000001c83a      0x1a7 Drivers/STM32F4xx_HAL_Driver/Src/stm32f4xx_hal.o
 .debug_macro   0x000000000001c9e1       0xa5 Drivers/STM32F4xx_HAL_Driver/Src/stm32f4xx_hal.o
 .debug_macro   0x000000000001ca86      0x11e Drivers/STM32F4xx_HAL_Driver/Src/stm32f4xx_hal.o
 .debug_macro   0x000000000001cba4       0x7f Drivers/STM32F4xx_HAL_Driver/Src/stm32f4xx_hal.o
 .debug_macro   0x000000000001cc23       0x89 Drivers/STM32F4xx_HAL_Driver/Src/stm32f4xx_hal.o
 .debug_macro   0x000000000001ccac      0x202 Drivers/STM32F4xx_HAL_Driver/Src/stm32f4xx_hal.o
 .debug_macro   0x000000000001ceae      0x6e0 Drivers/STM32F4xx_HAL_Driver/Src/stm32f4xx_hal.o
 .debug_macro   0x000000000001d58e       0x59 Drivers/STM32F4xx_HAL_Driver/Src/stm32f4xx_hal.o
 .debug_macro   0x000000000001d5e7      0x14d Drivers/STM32F4xx_HAL_Driver/Src/stm32f4xx_hal.o
 .debug_macro   0x000000000001d734      0x134 Drivers/STM32F4xx_HAL_Driver/Src/stm32f4xx_hal.o
 .debug_macro   0x000000000001d868      0x338 Drivers/STM32F4xx_HAL_Driver/Src/stm32f4xx_hal_cortex.o
 .debug_macro   0x000000000001dba0      0x370 Drivers/STM32F4xx_HAL_Driver/Src/stm32f4xx_hal_gpio.o
 .debug_macro   0x000000000001df10      0x378 Drivers/STM32F4xx_HAL_Driver/Src/stm32f4xx_hal_i2c.o
 .debug_macro   0x000000000001e288      0x35c Drivers/STM32F4xx_HAL_Driver/Src/stm32f4xx_hal_rcc.o
 .debug_macro   0x000000000001e5e4      0x340 Drivers/STM32F4xx_HAL_Driver/Src/stm32f4xx_hal_spi.o
 .debug_macro   0x000000000001e924      0x338 Drivers/STM32F4xx_HAL_Driver/Src/stm32f4xx_hal_tim.o
 .debug_macro   0x000000000001ec5c      0x338 Drivers/STM32F4xx_HAL_Driver/Src/stm32f4xx_hal_tim_ex.o
 .debug_macro   0x000000000001ef94      0x342 Src/gpio.o
 .debug_macro   0x000000000001f2d6      0x34c Src/i2c.o
 .debug_macro   0x000000000001f622      0x398 Src/main.o
 .debug_macro   0x000000000001f9ba       0x16 Src/main.o
 .debug_macro   0x000000000001f9d0       0x1a Src/pid.o
 .debug_macro   0x000000000001f9ea      0x34c Src/spi.o
 .debug_macro   0x000000000001fd36      0x338 Src/stm32f4xx_hal_msp.o
 .debug_macro   0x000000000002006e      0x342 Src/stm32f4xx_it.o
 .debug_macro   0x00000000000203b0      0x343 Src/system_stm32f4xx.o
 .debug_macro   0x00000000000206f3      0x342 Src/tim.o

.debug_line     0x0000000000000000     0xbf9c
 .debug_line    0x0000000000000000      0x9e6 Drivers/STM32F4xx_HAL_Driver/Src/stm32f4xx_hal.o
 .debug_line    0x00000000000009e6      0xa22 Drivers/STM32F4xx_HAL_Driver/Src/stm32f4xx_hal_cortex.o
 .debug_line    0x0000000000001408      0x996 Drivers/STM32F4xx_HAL_Driver/Src/stm32f4xx_hal_gpio.o
 .debug_line    0x0000000000001d9e     0x19c3 Drivers/STM32F4xx_HAL_Driver/Src/stm32f4xx_hal_i2c.o
 .debug_line    0x0000000000003761      0xa70 Drivers/STM32F4xx_HAL_Driver/Src/stm32f4xx_hal_rcc.o
 .debug_line    0x00000000000041d1     0x11f2 Drivers/STM32F4xx_HAL_Driver/Src/stm32f4xx_hal_spi.o
 .debug_line    0x00000000000053c3     0x1937 Drivers/STM32F4xx_HAL_Driver/Src/stm32f4xx_hal_tim.o
 .debug_line    0x0000000000006cfa      0xdc2 Drivers/STM32F4xx_HAL_Driver/Src/stm32f4xx_hal_tim_ex.o
 .debug_line    0x0000000000007abc      0x817 Src/gpio.o
 .debug_line    0x00000000000082d3      0x844 Src/i2c.o
 .debug_line    0x0000000000008b17      0x90a Src/main.o
 .debug_line    0x0000000000009421       0x79 Src/pid.o
 .debug_line    0x000000000000949a      0x847 Src/spi.o
 .debug_line    0x0000000000009ce1      0x80b Src/stm32f4xx_hal_msp.o
 .debug_line    0x000000000000a4ec      0x8e9 Src/stm32f4xx_it.o
 .debug_line    0x000000000000add5      0x836 Src/system_stm32f4xx.o
 .debug_line    0x000000000000b60b      0x912 Src/tim.o
 .debug_line    0x000000000000bf1d       0x7f startup/startup_stm32f415xx.o

.debug_str      0x0000000000000000    0xbbe8f
 .debug_str     0x0000000000000000    0xb877f Drivers/STM32F4xx_HAL_Driver/Src/stm32f4xx_hal.o
                                      0xb8b4a (size before relaxing)
 .debug_str     0x00000000000b877f      0x3ae Drivers/STM32F4xx_HAL_Driver/Src/stm32f4xx_hal_cortex.o
                                      0xb888c (size before relaxing)
 .debug_str     0x00000000000b8b2d      0x28c Drivers/STM32F4xx_HAL_Driver/Src/stm32f4xx_hal_gpio.o
                                      0xb8231 (size before relaxing)
 .debug_str     0x00000000000b8db9      0xf14 Drivers/STM32F4xx_HAL_Driver/Src/stm32f4xx_hal_i2c.o
                                      0xb8e37 (size before relaxing)
 .debug_str     0x00000000000b9ccd      0x364 Drivers/STM32F4xx_HAL_Driver/Src/stm32f4xx_hal_rcc.o
                                      0xb83fb (size before relaxing)
 .debug_str     0x00000000000ba031      0x6ae Drivers/STM32F4xx_HAL_Driver/Src/stm32f4xx_hal_spi.o
                                      0xb8817 (size before relaxing)
 .debug_str     0x00000000000ba6df      0xe82 Drivers/STM32F4xx_HAL_Driver/Src/stm32f4xx_hal_tim.o
                                      0xb9039 (size before relaxing)
 .debug_str     0x00000000000bb561      0x4f4 Drivers/STM32F4xx_HAL_Driver/Src/stm32f4xx_hal_tim_ex.o
                                      0xb88f9 (size before relaxing)
 .debug_str     0x00000000000bba55       0x25 Src/gpio.o
                                      0xb8017 (size before relaxing)
 .debug_str     0x00000000000bba7a       0x42 Src/i2c.o
                                      0xb853b (size before relaxing)
 .debug_str     0x00000000000bbabc      0x1c8 Src/main.o
                                      0xb9143 (size before relaxing)
 .debug_str     0x00000000000bbc84       0x14 Src/pid.o
                                       0x261b (size before relaxing)
 .debug_str     0x00000000000bbc98       0x17 Src/spi.o
                                      0xb8484 (size before relaxing)
 .debug_str     0x00000000000bbcaf       0x1b Src/stm32f4xx_hal_msp.o
                                      0xb8367 (size before relaxing)
 .debug_str     0x00000000000bbcca      0x11b Src/stm32f4xx_it.o
                                      0xb8410 (size before relaxing)
 .debug_str     0x00000000000bbde5       0x5a Src/system_stm32f4xx.o
                                      0xb7fed (size before relaxing)
 .debug_str     0x00000000000bbe3f       0x50 Src/tim.o
                                      0xb8bcb (size before relaxing)

.comment        0x0000000000000000       0x7f
 .comment       0x0000000000000000       0x7f Drivers/STM32F4xx_HAL_Driver/Src/stm32f4xx_hal.o
                                         0x80 (size before relaxing)
 .comment       0x000000000000007f       0x80 Drivers/STM32F4xx_HAL_Driver/Src/stm32f4xx_hal_cortex.o
 .comment       0x000000000000007f       0x80 Drivers/STM32F4xx_HAL_Driver/Src/stm32f4xx_hal_gpio.o
 .comment       0x000000000000007f       0x80 Drivers/STM32F4xx_HAL_Driver/Src/stm32f4xx_hal_i2c.o
 .comment       0x000000000000007f       0x80 Drivers/STM32F4xx_HAL_Driver/Src/stm32f4xx_hal_rcc.o
 .comment       0x000000000000007f       0x80 Drivers/STM32F4xx_HAL_Driver/Src/stm32f4xx_hal_spi.o
 .comment       0x000000000000007f       0x80 Drivers/STM32F4xx_HAL_Driver/Src/stm32f4xx_hal_tim.o
 .comment       0x000000000000007f       0x80 Drivers/STM32F4xx_HAL_Driver/Src/stm32f4xx_hal_tim_ex.o
 .comment       0x000000000000007f       0x80 Src/gpio.o
 .comment       0x000000000000007f       0x80 Src/i2c.o
 .comment       0x000000000000007f       0x80 Src/main.o
 .comment       0x000000000000007f       0x80 Src/pid.o
 .comment       0x000000000000007f       0x80 Src/spi.o
 .comment       0x000000000000007f       0x80 Src/stm32f4xx_hal_msp.o
 .comment       0x000000000000007f       0x80 Src/stm32f4xx_it.o
 .comment       0x000000000000007f       0x80 Src/system_stm32f4xx.o
 .comment       0x000000000000007f       0x80 Src/tim.o

.debug_frame    0x0000000000000000     0x2530
 .debug_frame   0x0000000000000000      0x1cc Drivers/STM32F4xx_HAL_Driver/Src/stm32f4xx_hal.o
 .debug_frame   0x00000000000001cc      0x15c Drivers/STM32F4xx_HAL_Driver/Src/stm32f4xx_hal_cortex.o
 .debug_frame   0x0000000000000328       0xd0 Drivers/STM32F4xx_HAL_Driver/Src/stm32f4xx_hal_gpio.o
 .debug_frame   0x00000000000003f8      0x848 Drivers/STM32F4xx_HAL_Driver/Src/stm32f4xx_hal_i2c.o
 .debug_frame   0x0000000000000c40      0x174 Drivers/STM32F4xx_HAL_Driver/Src/stm32f4xx_hal_rcc.o
 .debug_frame   0x0000000000000db4      0x560 Drivers/STM32F4xx_HAL_Driver/Src/stm32f4xx_hal_spi.o
 .debug_frame   0x0000000000001314      0x9e0 Drivers/STM32F4xx_HAL_Driver/Src/stm32f4xx_hal_tim.o
 .debug_frame   0x0000000000001cf4      0x384 Drivers/STM32F4xx_HAL_Driver/Src/stm32f4xx_hal_tim_ex.o
 .debug_frame   0x0000000000002078       0x38 Src/gpio.o
 .debug_frame   0x00000000000020b0       0x5c Src/i2c.o
 .debug_frame   0x000000000000210c       0xbc Src/main.o
 .debug_frame   0x00000000000021c8       0x20 Src/pid.o
 .debug_frame   0x00000000000021e8       0x5c Src/spi.o
 .debug_frame   0x0000000000002244       0x28 Src/stm32f4xx_hal_msp.o
 .debug_frame   0x000000000000226c      0x10c Src/stm32f4xx_it.o
 .debug_frame   0x0000000000002378       0x30 Src/system_stm32f4xx.o
 .debug_frame   0x00000000000023a8       0xfc Src/tim.o
 .debug_frame   0x00000000000024a4       0x2c /home/atmelfan/Ac6/SystemWorkbench/plugins/fr.ac6.mcu.externaltools.arm-none.linux64_1.15.0.201708311556/tools/compiler/bin/../lib/gcc/arm-none-eabi/6.3.1/thumb/v7e-m/fpv4-sp/hard/libgcc.a(_aeabi_uldivmod.o)
 .debug_frame   0x00000000000024d0       0x34 /home/atmelfan/Ac6/SystemWorkbench/plugins/fr.ac6.mcu.externaltools.arm-none.linux64_1.15.0.201708311556/tools/compiler/bin/../lib/gcc/arm-none-eabi/6.3.1/thumb/v7e-m/fpv4-sp/hard/libgcc.a(_udivmoddi4.o)
 .debug_frame   0x0000000000002504       0x2c /home/atmelfan/Ac6/SystemWorkbench/plugins/fr.ac6.mcu.externaltools.arm-none.linux64_1.15.0.201708311556/tools/compiler/bin/../lib/gcc/arm-none-eabi/6.3.1/../../../../arm-none-eabi/lib/thumb/v7e-m/fpv4-sp/hard/libc_nano.a(lib_a-init.o)
