Archive member included to satisfy reference by file (symbol)

c:/ac6/systemworkbench/plugins/fr.ac6.mcu.externaltools.arm-none.win32_1.15.0.201708311556/tools/compiler/bin/../lib/gcc/arm-none-eabi/6.3.1/thumb/v7e-m/fpv4-sp/hard\libgcc.a(_aeabi_uldivmod.o)
                              Drivers/STM32F4xx_HAL_Driver/Src/stm32f4xx_hal_rcc.o (__aeabi_uldivmod)
c:/ac6/systemworkbench/plugins/fr.ac6.mcu.externaltools.arm-none.win32_1.15.0.201708311556/tools/compiler/bin/../lib/gcc/arm-none-eabi/6.3.1/thumb/v7e-m/fpv4-sp/hard\libgcc.a(_udivmoddi4.o)
                              c:/ac6/systemworkbench/plugins/fr.ac6.mcu.externaltools.arm-none.win32_1.15.0.201708311556/tools/compiler/bin/../lib/gcc/arm-none-eabi/6.3.1/thumb/v7e-m/fpv4-sp/hard\libgcc.a(_aeabi_uldivmod.o) (__udivmoddi4)
c:/ac6/systemworkbench/plugins/fr.ac6.mcu.externaltools.arm-none.win32_1.15.0.201708311556/tools/compiler/bin/../lib/gcc/arm-none-eabi/6.3.1/thumb/v7e-m/fpv4-sp/hard\libgcc.a(_dvmd_tls.o)
                              c:/ac6/systemworkbench/plugins/fr.ac6.mcu.externaltools.arm-none.win32_1.15.0.201708311556/tools/compiler/bin/../lib/gcc/arm-none-eabi/6.3.1/thumb/v7e-m/fpv4-sp/hard\libgcc.a(_aeabi_uldivmod.o) (__aeabi_ldiv0)
c:/ac6/systemworkbench/plugins/fr.ac6.mcu.externaltools.arm-none.win32_1.15.0.201708311556/tools/compiler/bin/../lib/gcc/arm-none-eabi/6.3.1/../../../../arm-none-eabi/lib/thumb/v7e-m/fpv4-sp/hard\libc_nano.a(lib_a-exit.o)
                              c:/ac6/systemworkbench/plugins/fr.ac6.mcu.externaltools.arm-none.win32_1.15.0.201708311556/tools/compiler/bin/../lib/gcc/arm-none-eabi/6.3.1/../../../../arm-none-eabi/lib/thumb/v7e-m/fpv4-sp/hard/crt0.o (exit)
c:/ac6/systemworkbench/plugins/fr.ac6.mcu.externaltools.arm-none.win32_1.15.0.201708311556/tools/compiler/bin/../lib/gcc/arm-none-eabi/6.3.1/../../../../arm-none-eabi/lib/thumb/v7e-m/fpv4-sp/hard\libc_nano.a(lib_a-impure.o)
                              c:/ac6/systemworkbench/plugins/fr.ac6.mcu.externaltools.arm-none.win32_1.15.0.201708311556/tools/compiler/bin/../lib/gcc/arm-none-eabi/6.3.1/../../../../arm-none-eabi/lib/thumb/v7e-m/fpv4-sp/hard\libc_nano.a(lib_a-exit.o) (_global_impure_ptr)
c:/ac6/systemworkbench/plugins/fr.ac6.mcu.externaltools.arm-none.win32_1.15.0.201708311556/tools/compiler/bin/../lib/gcc/arm-none-eabi/6.3.1/../../../../arm-none-eabi/lib/thumb/v7e-m/fpv4-sp/hard\libc_nano.a(lib_a-init.o)
                              c:/ac6/systemworkbench/plugins/fr.ac6.mcu.externaltools.arm-none.win32_1.15.0.201708311556/tools/compiler/bin/../lib/gcc/arm-none-eabi/6.3.1/../../../../arm-none-eabi/lib/thumb/v7e-m/fpv4-sp/hard/crt0.o (__libc_init_array)
c:/ac6/systemworkbench/plugins/fr.ac6.mcu.externaltools.arm-none.win32_1.15.0.201708311556/tools/compiler/bin/../lib/gcc/arm-none-eabi/6.3.1/../../../../arm-none-eabi/lib/thumb/v7e-m/fpv4-sp/hard\libc_nano.a(lib_a-memset.o)
                              c:/ac6/systemworkbench/plugins/fr.ac6.mcu.externaltools.arm-none.win32_1.15.0.201708311556/tools/compiler/bin/../lib/gcc/arm-none-eabi/6.3.1/../../../../arm-none-eabi/lib/thumb/v7e-m/fpv4-sp/hard/crt0.o (memset)
c:/ac6/systemworkbench/plugins/fr.ac6.mcu.externaltools.arm-none.win32_1.15.0.201708311556/tools/compiler/bin/../lib/gcc/arm-none-eabi/6.3.1/../../../../arm-none-eabi/lib/thumb/v7e-m/fpv4-sp/hard\libnosys.a(_exit.o)
                              c:/ac6/systemworkbench/plugins/fr.ac6.mcu.externaltools.arm-none.win32_1.15.0.201708311556/tools/compiler/bin/../lib/gcc/arm-none-eabi/6.3.1/../../../../arm-none-eabi/lib/thumb/v7e-m/fpv4-sp/hard\libc_nano.a(lib_a-exit.o) (_exit)

Allocating common symbols
Common symbol       size              file

hspi2               0x58              Src/spi.o
htim4               0x3c              Src/tim.o
hi2c2               0x54              Src/i2c.o
uwTick              0x4               Drivers/STM32F4xx_HAL_Driver/Src/stm32f4xx_hal.o
pFlash              0x20              Drivers/STM32F4xx_HAL_Driver/Src/stm32f4xx_hal_flash.o
htim1               0x3c              Src/tim.o
htim2               0x3c              Src/tim.o

Discarded input sections

 .text          0x00000000        0x0 c:/ac6/systemworkbench/plugins/fr.ac6.mcu.externaltools.arm-none.win32_1.15.0.201708311556/tools/compiler/bin/../lib/gcc/arm-none-eabi/6.3.1/thumb/v7e-m/fpv4-sp/hard/crti.o
 .data          0x00000000        0x0 c:/ac6/systemworkbench/plugins/fr.ac6.mcu.externaltools.arm-none.win32_1.15.0.201708311556/tools/compiler/bin/../lib/gcc/arm-none-eabi/6.3.1/thumb/v7e-m/fpv4-sp/hard/crti.o
 .bss           0x00000000        0x0 c:/ac6/systemworkbench/plugins/fr.ac6.mcu.externaltools.arm-none.win32_1.15.0.201708311556/tools/compiler/bin/../lib/gcc/arm-none-eabi/6.3.1/thumb/v7e-m/fpv4-sp/hard/crti.o
 .data          0x00000000        0x4 c:/ac6/systemworkbench/plugins/fr.ac6.mcu.externaltools.arm-none.win32_1.15.0.201708311556/tools/compiler/bin/../lib/gcc/arm-none-eabi/6.3.1/thumb/v7e-m/fpv4-sp/hard/crtbegin.o
[...]
Memory Configuration

Name             Origin             Length             Attributes
RAM              0x20000000         0x00020000         xrw
CCMRAM           0x10000000         0x00010000         rw
FLASH            0x08000000         0x00100000         xr
*default*        0x00000000         0xffffffff

Linker script and memory map

LOAD c:/ac6/systemworkbench/plugins/fr.ac6.mcu.externaltools.arm-none.win32_1.15.0.201708311556/tools/compiler/bin/../lib/gcc/arm-none-eabi/6.3.1/thumb/v7e-m/fpv4-sp/hard/crti.o
LOAD c:/ac6/systemworkbench/plugins/fr.ac6.mcu.externaltools.arm-none.win32_1.15.0.201708311556/tools/compiler/bin/../lib/gcc/arm-none-eabi/6.3.1/thumb/v7e-m/fpv4-sp/hard/crtbegin.o
LOAD c:/ac6/systemworkbench/plugins/fr.ac6.mcu.externaltools.arm-none.win32_1.15.0.201708311556/tools/compiler/bin/../lib/gcc/arm-none-eabi/6.3.1/../../../../arm-none-eabi/lib/thumb/v7e-m/fpv4-sp/hard/crt0.o
LOAD Drivers/STM32F4xx_HAL_Driver/Src/stm32f4xx_hal.o
LOAD Drivers/STM32F4xx_HAL_Driver/Src/stm32f4xx_hal_cortex.o
LOAD Drivers/STM32F4xx_HAL_Driver/Src/stm32f4xx_hal_dma.o
LOAD Drivers/STM32F4xx_HAL_Driver/Src/stm32f4xx_hal_dma_ex.o
LOAD Drivers/STM32F4xx_HAL_Driver/Src/stm32f4xx_hal_flash.o
LOAD Drivers/STM32F4xx_HAL_Driver/Src/stm32f4xx_hal_flash_ex.o
LOAD Drivers/STM32F4xx_HAL_Driver/Src/stm32f4xx_hal_flash_ramfunc.o
LOAD Drivers/STM32F4xx_HAL_Driver/Src/stm32f4xx_hal_gpio.o
LOAD Drivers/STM32F4xx_HAL_Driver/Src/stm32f4xx_hal_i2c.o
LOAD Drivers/STM32F4xx_HAL_Driver/Src/stm32f4xx_hal_i2c_ex.o
LOAD Drivers/STM32F4xx_HAL_Driver/Src/stm32f4xx_hal_pwr.o
LOAD Drivers/STM32F4xx_HAL_Driver/Src/stm32f4xx_hal_pwr_ex.o
LOAD Drivers/STM32F4xx_HAL_Driver/Src/stm32f4xx_hal_rcc.o
LOAD Drivers/STM32F4xx_HAL_Driver/Src/stm32f4xx_hal_rcc_ex.o
LOAD Drivers/STM32F4xx_HAL_Driver/Src/stm32f4xx_hal_spi.o
LOAD Drivers/STM32F4xx_HAL_Driver/Src/stm32f4xx_hal_tim.o
LOAD Drivers/STM32F4xx_HAL_Driver/Src/stm32f4xx_hal_tim_ex.o
LOAD Src/gpio.o
LOAD Src/i2c.o
LOAD Src/main.o
LOAD Src/spi.o
LOAD Src/stm32f4xx_hal_msp.o
LOAD Src/stm32f4xx_it.o
LOAD Src/system_stm32f4xx.o
LOAD Src/tim.o
LOAD startup/startup_stm32f415xx.o
LOAD c:/ac6/systemworkbench/plugins/fr.ac6.mcu.externaltools.arm-none.win32_1.15.0.201708311556/tools/compiler/bin/../lib/gcc/arm-none-eabi/6.3.1/../../../../arm-none-eabi/lib/thumb/v7e-m/fpv4-sp/hard\libm.a
START GROUP
LOAD c:/ac6/systemworkbench/plugins/fr.ac6.mcu.externaltools.arm-none.win32_1.15.0.201708311556/tools/compiler/bin/../lib/gcc/arm-none-eabi/6.3.1/thumb/v7e-m/fpv4-sp/hard\libgcc.a
LOAD c:/ac6/systemworkbench/plugins/fr.ac6.mcu.externaltools.arm-none.win32_1.15.0.201708311556/tools/compiler/bin/../lib/gcc/arm-none-eabi/6.3.1/../../../../arm-none-eabi/lib/thumb/v7e-m/fpv4-sp/hard\libc_nano.a
END GROUP
START GROUP
LOAD c:/ac6/systemworkbench/plugins/fr.ac6.mcu.externaltools.arm-none.win32_1.15.0.201708311556/tools/compiler/bin/../lib/gcc/arm-none-eabi/6.3.1/thumb/v7e-m/fpv4-sp/hard\libgcc.a
LOAD c:/ac6/systemworkbench/plugins/fr.ac6.mcu.externaltools.arm-none.win32_1.15.0.201708311556/tools/compiler/bin/../lib/gcc/arm-none-eabi/6.3.1/../../../../arm-none-eabi/lib/thumb/v7e-m/fpv4-sp/hard\libc_nano.a
LOAD c:/ac6/systemworkbench/plugins/fr.ac6.mcu.externaltools.arm-none.win32_1.15.0.201708311556/tools/compiler/bin/../lib/gcc/arm-none-eabi/6.3.1/../../../../arm-none-eabi/lib/thumb/v7e-m/fpv4-sp/hard\libnosys.a
END GROUP
START GROUP
LOAD c:/ac6/systemworkbench/plugins/fr.ac6.mcu.externaltools.arm-none.win32_1.15.0.201708311556/tools/compiler/bin/../lib/gcc/arm-none-eabi/6.3.1/thumb/v7e-m/fpv4-sp/hard\libgcc.a
LOAD c:/ac6/systemworkbench/plugins/fr.ac6.mcu.externaltools.arm-none.win32_1.15.0.201708311556/tools/compiler/bin/../lib/gcc/arm-none-eabi/6.3.1/../../../../arm-none-eabi/lib/thumb/v7e-m/fpv4-sp/hard\libc_nano.a
LOAD c:/ac6/systemworkbench/plugins/fr.ac6.mcu.externaltools.arm-none.win32_1.15.0.201708311556/tools/compiler/bin/../lib/gcc/arm-none-eabi/6.3.1/../../../../arm-none-eabi/lib/thumb/v7e-m/fpv4-sp/hard\libnosys.a
END GROUP
LOAD c:/ac6/systemworkbench/plugins/fr.ac6.mcu.externaltools.arm-none.win32_1.15.0.201708311556/tools/compiler/bin/../lib/gcc/arm-none-eabi/6.3.1/thumb/v7e-m/fpv4-sp/hard/crtend.o
LOAD c:/ac6/systemworkbench/plugins/fr.ac6.mcu.externaltools.arm-none.win32_1.15.0.201708311556/tools/compiler/bin/../lib/gcc/arm-none-eabi/6.3.1/thumb/v7e-m/fpv4-sp/hard/crtn.o
                0x20020000                _estack = 0x20020000
                0x00000200                _Min_Heap_Size = 0x200
                0x00000400                _Min_Stack_Size = 0x400

.isr_vector     0x08000000      0x188
                0x08000000                . = ALIGN (0x4)
 *(.isr_vector)
 .isr_vector    0x08000000      0x188 startup/startup_stm32f415xx.o
                0x08000000                g_pfnVectors
                0x08000188                . = ALIGN (0x4)

.text           0x08000188     0x2ca0
                0x08000188                . = ALIGN (0x4)
 *(.text)
 .text          0x08000188       0x6c c:/ac6/systemworkbench/plugins/fr.ac6.mcu.externaltools.arm-none.win32_1.15.0.201708311556/tools/compiler/bin/../lib/gcc/arm-none-eabi/6.3.1/thumb/v7e-m/fpv4-sp/hard/crtbegin.o
 .text          0x080001f4       0x30 c:/ac6/systemworkbench/plugins/fr.ac6.mcu.externaltools.arm-none.win32_1.15.0.201708311556/tools/compiler/bin/../lib/gcc/arm-none-eabi/6.3.1/thumb/v7e-m/fpv4-sp/hard\libgcc.a(_aeabi_uldivmod.o)
                0x080001f4                __aeabi_uldivmod
 .text          0x08000224      0x2dc c:/ac6/systemworkbench/plugins/fr.ac6.mcu.externaltools.arm-none.win32_1.15.0.201708311556/tools/compiler/bin/../lib/gcc/arm-none-eabi/6.3.1/thumb/v7e-m/fpv4-sp/hard\libgcc.a(_udivmoddi4.o)
                0x08000224                __udivmoddi4
 .text          0x08000500        0x4 c:/ac6/systemworkbench/plugins/fr.ac6.mcu.externaltools.arm-none.win32_1.15.0.201708311556/tools/compiler/bin/../lib/gcc/arm-none-eabi/6.3.1/thumb/v7e-m/fpv4-sp/hard\libgcc.a(_dvmd_tls.o)
                0x08000500                __aeabi_idiv0
                0x08000500                __aeabi_ldiv0
 *(.text*)
 .text.HAL_InitTick
                0x08000504       0x48 Drivers/STM32F4xx_HAL_Driver/Src/stm32f4xx_hal.o
                0x08000504                HAL_InitTick
 .text.HAL_Init
                0x0800054c       0x34 Drivers/STM32F4xx_HAL_Driver/Src/stm32f4xx_hal.o
                0x0800054c                HAL_Init
 .text.HAL_IncTick
                0x08000580       0x18 Drivers/STM32F4xx_HAL_Driver/Src/stm32f4xx_hal.o
                0x08000580                HAL_IncTick
 .text.HAL_GetTick
                0x08000598        0xc Drivers/STM32F4xx_HAL_Driver/Src/stm32f4xx_hal.o
                0x08000598                HAL_GetTick
 .text.HAL_Delay
                0x080005a4       0x28 Drivers/STM32F4xx_HAL_Driver/Src/stm32f4xx_hal.o
                0x080005a4                HAL_Delay
 .text.HAL_NVIC_SetPriorityGrouping
                0x080005cc       0x24 Drivers/STM32F4xx_HAL_Driver/Src/stm32f4xx_hal_cortex.o
                0x080005cc                HAL_NVIC_SetPriorityGrouping
 .text.HAL_NVIC_SetPriority
                0x080005f0       0x64 Drivers/STM32F4xx_HAL_Driver/Src/stm32f4xx_hal_cortex.o
                0x080005f0                HAL_NVIC_SetPriority
 .text.HAL_NVIC_EnableIRQ
                0x08000654       0x18 Drivers/STM32F4xx_HAL_Driver/Src/stm32f4xx_hal_cortex.o
                0x08000654                HAL_NVIC_EnableIRQ
 .text.HAL_SYSTICK_Config
                0x0800066c       0x2c Drivers/STM32F4xx_HAL_Driver/Src/stm32f4xx_hal_cortex.o
                0x0800066c                HAL_SYSTICK_Config
 .text.HAL_SYSTICK_CLKSourceConfig
                0x08000698       0x20 Drivers/STM32F4xx_HAL_Driver/Src/stm32f4xx_hal_cortex.o
                0x08000698                HAL_SYSTICK_CLKSourceConfig
 .text.HAL_SYSTICK_Callback
                0x080006b8        0x2 Drivers/STM32F4xx_HAL_Driver/Src/stm32f4xx_hal_cortex.o
                0x080006b8                HAL_SYSTICK_Callback
 .text.HAL_SYSTICK_IRQHandler
                0x080006ba        0x8 Drivers/STM32F4xx_HAL_Driver/Src/stm32f4xx_hal_cortex.o
                0x080006ba                HAL_SYSTICK_IRQHandler
 *fill*         0x080006c2        0x2 
 .text.HAL_GPIO_Init
                0x080006c4      0x1cc Drivers/STM32F4xx_HAL_Driver/Src/stm32f4xx_hal_gpio.o
                0x080006c4                HAL_GPIO_Init
 .text.HAL_GPIO_DeInit
                0x08000890      0x120 Drivers/STM32F4xx_HAL_Driver/Src/stm32f4xx_hal_gpio.o
                0x08000890                HAL_GPIO_DeInit
 .text.HAL_GPIO_WritePin
                0x080009b0        0xc Drivers/STM32F4xx_HAL_Driver/Src/stm32f4xx_hal_gpio.o
                0x080009b0                HAL_GPIO_WritePin
 .text.I2C_IsAcknowledgeFailed
                0x080009bc       0x2a Drivers/STM32F4xx_HAL_Driver/Src/stm32f4xx_hal_i2c.o
 .text.I2C_WaitOnFlagUntilTimeout
                0x080009e6       0x68 Drivers/STM32F4xx_HAL_Driver/Src/stm32f4xx_hal_i2c.o
 .text.I2C_WaitOnMasterAddressFlagUntilTimeout
                0x08000a4e       0x90 Drivers/STM32F4xx_HAL_Driver/Src/stm32f4xx_hal_i2c.o
 *fill*         0x08000ade        0x2 
 .text.I2C_MasterRequestWrite
                0x08000ae0       0xbc Drivers/STM32F4xx_HAL_Driver/Src/stm32f4xx_hal_i2c.o
 .text.I2C_WaitOnTXEFlagUntilTimeout
                0x08000b9c       0x4e Drivers/STM32F4xx_HAL_Driver/Src/stm32f4xx_hal_i2c.o
 .text.I2C_WaitOnBTFFlagUntilTimeout
                0x08000bea       0x4e Drivers/STM32F4xx_HAL_Driver/Src/stm32f4xx_hal_i2c.o
 .text.HAL_I2C_Init
                0x08000c38      0x11c Drivers/STM32F4xx_HAL_Driver/Src/stm32f4xx_hal_i2c.o
                0x08000c38                HAL_I2C_Init
 .text.HAL_I2C_Master_Transmit
                0x08000d54      0x184 Drivers/STM32F4xx_HAL_Driver/Src/stm32f4xx_hal_i2c.o
                0x08000d54                HAL_I2C_Master_Transmit
 .text.HAL_RCC_OscConfig
                0x08000ed8      0x398 Drivers/STM32F4xx_HAL_Driver/Src/stm32f4xx_hal_rcc.o
                0x08000ed8                HAL_RCC_OscConfig
 .text.HAL_RCC_GetSysClockFreq
                0x08001270       0xa4 Drivers/STM32F4xx_HAL_Driver/Src/stm32f4xx_hal_rcc.o
                0x08001270                HAL_RCC_GetSysClockFreq
 .text.HAL_RCC_ClockConfig
                0x08001314      0x158 Drivers/STM32F4xx_HAL_Driver/Src/stm32f4xx_hal_rcc.o
                0x08001314                HAL_RCC_ClockConfig
 .text.HAL_RCC_GetHCLKFreq
                0x0800146c        0xc Drivers/STM32F4xx_HAL_Driver/Src/stm32f4xx_hal_rcc.o
                0x0800146c                HAL_RCC_GetHCLKFreq
 .text.HAL_RCC_GetPCLK1Freq
                0x08001478       0x20 Drivers/STM32F4xx_HAL_Driver/Src/stm32f4xx_hal_rcc.o
                0x08001478                HAL_RCC_GetPCLK1Freq
 .text.SPI_WaitFlagStateUntilTimeout
                0x08001498       0x96 Drivers/STM32F4xx_HAL_Driver/Src/stm32f4xx_hal_spi.o
 .text.SPI_CheckFlag_BSY
                0x0800152e       0x26 Drivers/STM32F4xx_HAL_Driver/Src/stm32f4xx_hal_spi.o
 .text.HAL_SPI_Init
                0x08001554       0x80 Drivers/STM32F4xx_HAL_Driver/Src/stm32f4xx_hal_spi.o
                0x08001554                HAL_SPI_Init
 .text.HAL_SPI_DeInit
                0x080015d4       0x2c Drivers/STM32F4xx_HAL_Driver/Src/stm32f4xx_hal_spi.o
                0x080015d4                HAL_SPI_DeInit
 .text.HAL_SPI_Transmit
                0x08001600      0x1ac Drivers/STM32F4xx_HAL_Driver/Src/stm32f4xx_hal_spi.o
                0x08001600                HAL_SPI_Transmit
 .text.HAL_SPI_TransmitReceive
                0x080017ac      0x242 Drivers/STM32F4xx_HAL_Driver/Src/stm32f4xx_hal_spi.o
                0x080017ac                HAL_SPI_TransmitReceive
 .text.HAL_SPI_Receive
                0x080019ee      0x16a Drivers/STM32F4xx_HAL_Driver/Src/stm32f4xx_hal_spi.o
                0x080019ee                HAL_SPI_Receive
 .text.TIM_OC1_SetConfig
                0x08001b58       0x64 Drivers/STM32F4xx_HAL_Driver/Src/stm32f4xx_hal_tim.o
 .text.TIM_OC3_SetConfig
                0x08001bbc       0x6c Drivers/STM32F4xx_HAL_Driver/Src/stm32f4xx_hal_tim.o
 .text.TIM_OC4_SetConfig
                0x08001c28       0x5c Drivers/STM32F4xx_HAL_Driver/Src/stm32f4xx_hal_tim.o
 .text.HAL_TIM_Base_Start
                0x08001c84       0x1a Drivers/STM32F4xx_HAL_Driver/Src/stm32f4xx_hal_tim.o
                0x08001c84                HAL_TIM_Base_Start
 .text.HAL_TIM_Base_Start_IT
                0x08001c9e       0x18 Drivers/STM32F4xx_HAL_Driver/Src/stm32f4xx_hal_tim.o
                0x08001c9e                HAL_TIM_Base_Start_IT
 .text.HAL_TIM_PeriodElapsedCallback
                0x08001cb6        0x2 Drivers/STM32F4xx_HAL_Driver/Src/stm32f4xx_hal_tim.o
                0x08001cb6                HAL_TIM_PeriodElapsedCallback
 .text.HAL_TIM_OC_DelayElapsedCallback
                0x08001cb8        0x2 Drivers/STM32F4xx_HAL_Driver/Src/stm32f4xx_hal_tim.o
                0x08001cb8                HAL_TIM_OC_DelayElapsedCallback
 .text.HAL_TIM_IC_CaptureCallback
                0x08001cba        0x2 Drivers/STM32F4xx_HAL_Driver/Src/stm32f4xx_hal_tim.o
                0x08001cba                HAL_TIM_IC_CaptureCallback
 .text.HAL_TIM_PWM_PulseFinishedCallback
                0x08001cbc        0x2 Drivers/STM32F4xx_HAL_Driver/Src/stm32f4xx_hal_tim.o
                0x08001cbc                HAL_TIM_PWM_PulseFinishedCallback
 .text.HAL_TIM_TriggerCallback
                0x08001cbe        0x2 Drivers/STM32F4xx_HAL_Driver/Src/stm32f4xx_hal_tim.o
                0x08001cbe                HAL_TIM_TriggerCallback
 .text.HAL_TIM_IRQHandler
                0x08001cc0      0x17a Drivers/STM32F4xx_HAL_Driver/Src/stm32f4xx_hal_tim.o
                0x08001cc0                HAL_TIM_IRQHandler
 *fill*         0x08001e3a        0x2 
 .text.TIM_Base_SetConfig
                0x08001e3c      0x11c Drivers/STM32F4xx_HAL_Driver/Src/stm32f4xx_hal_tim.o
                0x08001e3c                TIM_Base_SetConfig
 .text.HAL_TIM_OC_Init
                0x08001f58       0x32 Drivers/STM32F4xx_HAL_Driver/Src/stm32f4xx_hal_tim.o
                0x08001f58                HAL_TIM_OC_Init
 .text.HAL_TIM_PWM_Init
                0x08001f8a       0x32 Drivers/STM32F4xx_HAL_Driver/Src/stm32f4xx_hal_tim.o
                0x08001f8a                HAL_TIM_PWM_Init
 .text.TIM_OC2_SetConfig
                0x08001fbc       0x70 Drivers/STM32F4xx_HAL_Driver/Src/stm32f4xx_hal_tim.o
                0x08001fbc                TIM_OC2_SetConfig
 .text.HAL_TIM_OC_ConfigChannel
                0x0800202c       0x5e Drivers/STM32F4xx_HAL_Driver/Src/stm32f4xx_hal_tim.o
                0x0800202c                HAL_TIM_OC_ConfigChannel
 .text.HAL_TIM_PWM_ConfigChannel
                0x0800208a       0xdc Drivers/STM32F4xx_HAL_Driver/Src/stm32f4xx_hal_tim.o
                0x0800208a                HAL_TIM_PWM_ConfigChannel
 .text.TIM_CCxChannelCmd
                0x08002166       0x1e Drivers/STM32F4xx_HAL_Driver/Src/stm32f4xx_hal_tim.o
                0x08002166                TIM_CCxChannelCmd
 .text.HAL_TIM_OC_Start_IT
                0x08002184       0x88 Drivers/STM32F4xx_HAL_Driver/Src/stm32f4xx_hal_tim.o
                0x08002184                HAL_TIM_OC_Start_IT
 .text.HAL_TIM_PWM_Start
                0x0800220c       0x44 Drivers/STM32F4xx_HAL_Driver/Src/stm32f4xx_hal_tim.o
                0x0800220c                HAL_TIM_PWM_Start
 .text.HAL_TIMEx_MasterConfigSynchronization
                0x08002250       0x52 Drivers/STM32F4xx_HAL_Driver/Src/stm32f4xx_hal_tim_ex.o
                0x08002250                HAL_TIMEx_MasterConfigSynchronization
 .text.HAL_TIMEx_ConfigBreakDeadTime
                0x080022a2       0x58 Drivers/STM32F4xx_HAL_Driver/Src/stm32f4xx_hal_tim_ex.o
                0x080022a2                HAL_TIMEx_ConfigBreakDeadTime
 .text.HAL_TIMEx_CommutationCallback
                0x080022fa        0x2 Drivers/STM32F4xx_HAL_Driver/Src/stm32f4xx_hal_tim_ex.o
                0x080022fa                HAL_TIMEx_CommutationCallback
 .text.HAL_TIMEx_BreakCallback
                0x080022fc        0x2 Drivers/STM32F4xx_HAL_Driver/Src/stm32f4xx_hal_tim_ex.o
                0x080022fc                HAL_TIMEx_BreakCallback
 *fill*         0x080022fe        0x2 
 .text.MX_GPIO_Init
                0x08002300       0xd8 Src/gpio.o
                0x08002300                MX_GPIO_Init
 .text.MX_I2C2_Init
                0x080023d8       0x44 Src/i2c.o
                0x080023d8                MX_I2C2_Init
 .text.HAL_I2C_MspInit
                0x0800241c       0x58 Src/i2c.o
                0x0800241c                HAL_I2C_MspInit
 .text.setMotors
                0x08002474       0x4c Src/main.o
                0x08002474                setMotors
 .text.readSensor
                0x080024c0       0xb0 Src/main.o
                0x080024c0                readSensor
 .text._Error_Handler
                0x08002570        0x2 Src/main.o
                0x08002570                _Error_Handler
 *fill*         0x08002572        0x2 
 .text.SystemClock_Config
                0x08002574       0xc4 Src/main.o
                0x08002574                SystemClock_Config
 .text.main     0x08002638      0x1a0 Src/main.o
                0x08002638                main
 .text.MX_SPI2_Init
                0x080027d8       0x50 Src/spi.o
                0x080027d8                MX_SPI2_Init
 .text.HAL_SPI_MspInit
                0x08002828       0x54 Src/spi.o
                0x08002828                HAL_SPI_MspInit
 .text.HAL_SPI_MspDeInit
                0x0800287c       0x30 Src/spi.o
                0x0800287c                HAL_SPI_MspDeInit
 .text.HAL_MspInit
                0x080028ac       0x5e Src/stm32f4xx_hal_msp.o
                0x080028ac                HAL_MspInit
 .text.NMI_Handler
                0x0800290a        0x2 Src/stm32f4xx_it.o
                0x0800290a                NMI_Handler
 .text.HardFault_Handler
                0x0800290c        0x2 Src/stm32f4xx_it.o
                0x0800290c                HardFault_Handler
 .text.MemManage_Handler
                0x0800290e        0x2 Src/stm32f4xx_it.o
                0x0800290e                MemManage_Handler
 .text.BusFault_Handler
                0x08002910        0x2 Src/stm32f4xx_it.o
                0x08002910                BusFault_Handler
 .text.UsageFault_Handler
                0x08002912        0x2 Src/stm32f4xx_it.o
                0x08002912                UsageFault_Handler
 .text.SVC_Handler
                0x08002914        0x2 Src/stm32f4xx_it.o
                0x08002914                SVC_Handler
 .text.DebugMon_Handler
                0x08002916        0x2 Src/stm32f4xx_it.o
                0x08002916                DebugMon_Handler
 .text.PendSV_Handler
                0x08002918        0x2 Src/stm32f4xx_it.o
                0x08002918                PendSV_Handler
 .text.SysTick_Handler
                0x0800291a        0xc Src/stm32f4xx_it.o
                0x0800291a                SysTick_Handler
 *fill*         0x08002926        0x2 
 .text.TIM1_BRK_TIM9_IRQHandler
                0x08002928       0x10 Src/stm32f4xx_it.o
                0x08002928                TIM1_BRK_TIM9_IRQHandler
 .text.TIM1_UP_TIM10_IRQHandler
                0x08002938       0x48 Src/stm32f4xx_it.o
                0x08002938                TIM1_UP_TIM10_IRQHandler
 .text.TIM1_TRG_COM_TIM11_IRQHandler
                0x08002980       0x10 Src/stm32f4xx_it.o
                0x08002980                TIM1_TRG_COM_TIM11_IRQHandler
 .text.TIM1_CC_IRQHandler
                0x08002990       0x9c Src/stm32f4xx_it.o
                0x08002990                TIM1_CC_IRQHandler
 .text.SystemInit
                0x08002a2c       0x4c Src/system_stm32f4xx.o
                0x08002a2c                SystemInit
 .text.MX_TIM1_Init
                0x08002a78       0xe8 Src/tim.o
                0x08002a78                MX_TIM1_Init
 .text.HAL_TIM_OC_MspInit
                0x08002b60       0x70 Src/tim.o
                0x08002b60                HAL_TIM_OC_MspInit
 .text.HAL_TIM_PWM_MspInit
                0x08002bd0       0x50 Src/tim.o
                0x08002bd0                HAL_TIM_PWM_MspInit
 .text.HAL_TIM_MspPostInit
                0x08002c20       0x5c Src/tim.o
                0x08002c20                HAL_TIM_MspPostInit
 .text.MX_TIM2_Init
                0x08002c7c       0x7c Src/tim.o
                0x08002c7c                MX_TIM2_Init
 .text.MX_TIM4_Init
                0x08002cf8       0x7c Src/tim.o
                0x08002cf8                MX_TIM4_Init
 .text.Reset_Handler
                0x08002d74       0x50 startup/startup_stm32f415xx.o
                0x08002d74                Reset_Handler
 .text.Default_Handler
                0x08002dc4        0x2 startup/startup_stm32f415xx.o
                0x08002dc4                RTC_Alarm_IRQHandler
                0x08002dc4                HASH_RNG_IRQHandler
                0x08002dc4                EXTI2_IRQHandler
                0x08002dc4                TIM8_CC_IRQHandler
                0x08002dc4                DMA2_Stream5_IRQHandler
                0x08002dc4                DMA1_Stream5_IRQHandler
                0x08002dc4                PVD_IRQHandler
                0x08002dc4                SDIO_IRQHandler
                0x08002dc4                TAMP_STAMP_IRQHandler
                0x08002dc4                CAN2_RX1_IRQHandler
                0x08002dc4                EXTI3_IRQHandler
                0x08002dc4                TIM8_TRG_COM_TIM14_IRQHandler
                0x08002dc4                TIM8_UP_TIM13_IRQHandler
                0x08002dc4                I2C3_ER_IRQHandler
                0x08002dc4                EXTI0_IRQHandler
                0x08002dc4                I2C2_EV_IRQHandler
                0x08002dc4                DMA1_Stream2_IRQHandler
                0x08002dc4                CAN1_RX0_IRQHandler
                0x08002dc4                FPU_IRQHandler
                0x08002dc4                OTG_HS_WKUP_IRQHandler
                0x08002dc4                CAN2_SCE_IRQHandler
                0x08002dc4                DMA2_Stream2_IRQHandler
                0x08002dc4                SPI1_IRQHandler
                0x08002dc4                TIM6_DAC_IRQHandler
                0x08002dc4                CAN2_RX0_IRQHandler
                0x08002dc4                DMA2_Stream3_IRQHandler
                0x08002dc4                USART6_IRQHandler
                0x08002dc4                USART3_IRQHandler
                0x08002dc4                CRYP_IRQHandler
                0x08002dc4                CAN1_RX1_IRQHandler
                0x08002dc4                UART5_IRQHandler
                0x08002dc4                DMA2_Stream0_IRQHandler
                0x08002dc4                TIM4_IRQHandler
                0x08002dc4                I2C1_EV_IRQHandler
                0x08002dc4                DMA1_Stream6_IRQHandler
                0x08002dc4                DMA1_Stream1_IRQHandler
                0x08002dc4                UART4_IRQHandler
                0x08002dc4                TIM3_IRQHandler
                0x08002dc4                RCC_IRQHandler
                0x08002dc4                TIM8_BRK_TIM12_IRQHandler
                0x08002dc4                Default_Handler
                0x08002dc4                EXTI15_10_IRQHandler
                0x08002dc4                ADC_IRQHandler
                0x08002dc4                DMA1_Stream7_IRQHandler
                0x08002dc4                TIM7_IRQHandler
                0x08002dc4                CAN2_TX_IRQHandler
                0x08002dc4                TIM5_IRQHandler
                0x08002dc4                DMA2_Stream7_IRQHandler
                0x08002dc4                I2C3_EV_IRQHandler
                0x08002dc4                EXTI9_5_IRQHandler
                0x08002dc4                RTC_WKUP_IRQHandler
                0x08002dc4                SPI2_IRQHandler
                0x08002dc4                OTG_HS_EP1_IN_IRQHandler
                0x08002dc4                DMA1_Stream0_IRQHandler
                0x08002dc4                CAN1_TX_IRQHandler
                0x08002dc4                EXTI4_IRQHandler
                0x08002dc4                FSMC_IRQHandler
                0x08002dc4                OTG_HS_EP1_OUT_IRQHandler
                0x08002dc4                WWDG_IRQHandler
                0x08002dc4                TIM2_IRQHandler
                0x08002dc4                OTG_FS_WKUP_IRQHandler
                0x08002dc4                OTG_HS_IRQHandler
                0x08002dc4                EXTI1_IRQHandler
                0x08002dc4                USART2_IRQHandler
                0x08002dc4                I2C2_ER_IRQHandler
                0x08002dc4                DMA2_Stream1_IRQHandler
                0x08002dc4                CAN1_SCE_IRQHandler
                0x08002dc4                FLASH_IRQHandler
                0x08002dc4                DMA2_Stream4_IRQHandler
                0x08002dc4                USART1_IRQHandler
                0x08002dc4                OTG_FS_IRQHandler
                0x08002dc4                SPI3_IRQHandler
                0x08002dc4                DMA1_Stream4_IRQHandler
                0x08002dc4                I2C1_ER_IRQHandler
                0x08002dc4                DMA2_Stream6_IRQHandler
                0x08002dc4                DMA1_Stream3_IRQHandler
 *fill*         0x08002dc6        0x2 
 .text.__libc_init_array
                0x08002dc8       0x48 c:/ac6/systemworkbench/plugins/fr.ac6.mcu.externaltools.arm-none.win32_1.15.0.201708311556/tools/compiler/bin/../lib/gcc/arm-none-eabi/6.3.1/../../../../arm-none-eabi/lib/thumb/v7e-m/fpv4-sp/hard\libc_nano.a(lib_a-init.o)
                0x08002dc8                __libc_init_array
 *(.glue_7)
 .glue_7        0x08002e10        0x0 linker stubs
 *(.glue_7t)
 .glue_7t       0x08002e10        0x0 linker stubs
 *(.eh_frame)
 .eh_frame      0x08002e10        0x0 c:/ac6/systemworkbench/plugins/fr.ac6.mcu.externaltools.arm-none.win32_1.15.0.201708311556/tools/compiler/bin/../lib/gcc/arm-none-eabi/6.3.1/thumb/v7e-m/fpv4-sp/hard/crtbegin.o
 *(.init)
 .init          0x08002e10        0x4 c:/ac6/systemworkbench/plugins/fr.ac6.mcu.externaltools.arm-none.win32_1.15.0.201708311556/tools/compiler/bin/../lib/gcc/arm-none-eabi/6.3.1/thumb/v7e-m/fpv4-sp/hard/crti.o
                0x08002e10                _init
 .init          0x08002e14        0x8 c:/ac6/systemworkbench/plugins/fr.ac6.mcu.externaltools.arm-none.win32_1.15.0.201708311556/tools/compiler/bin/../lib/gcc/arm-none-eabi/6.3.1/thumb/v7e-m/fpv4-sp/hard/crtn.o
 *(.fini)
 .fini          0x08002e1c        0x4 c:/ac6/systemworkbench/plugins/fr.ac6.mcu.externaltools.arm-none.win32_1.15.0.201708311556/tools/compiler/bin/../lib/gcc/arm-none-eabi/6.3.1/thumb/v7e-m/fpv4-sp/hard/crti.o
                0x08002e1c                _fini
 .fini          0x08002e20        0x8 c:/ac6/systemworkbench/plugins/fr.ac6.mcu.externaltools.arm-none.win32_1.15.0.201708311556/tools/compiler/bin/../lib/gcc/arm-none-eabi/6.3.1/thumb/v7e-m/fpv4-sp/hard/crtn.o
                0x08002e28                . = ALIGN (0x4)
                0x08002e28                _etext = .

.vfp11_veneer   0x08002e28        0x0
 .vfp11_veneer  0x08002e28        0x0 linker stubs

.v4_bx          0x08002e28        0x0
 .v4_bx         0x08002e28        0x0 linker stubs

.iplt           0x08002e28        0x0
 .iplt          0x08002e28        0x0 c:/ac6/systemworkbench/plugins/fr.ac6.mcu.externaltools.arm-none.win32_1.15.0.201708311556/tools/compiler/bin/../lib/gcc/arm-none-eabi/6.3.1/thumb/v7e-m/fpv4-sp/hard/crtbegin.o

.rodata         0x08002e28       0x58
                0x08002e28                . = ALIGN (0x4)
 *(.rodata)
 .rodata        0x08002e28       0x18 Src/system_stm32f4xx.o
                0x08002e28                AHBPrescTable
                0x08002e38                APBPrescTable
 *(.rodata*)
 .rodata.str1.4
                0x08002e40        0xd Src/i2c.o
 *fill*         0x08002e4d        0x3 
 .rodata.str1.4
                0x08002e50        0xe Src/main.o
 *fill*         0x08002e5e        0x2 
 .rodata.str1.4
                0x08002e60        0xd Src/spi.o
 *fill*         0x08002e6d        0x3 
 .rodata.str1.4
                0x08002e70       0x10 Src/tim.o
                                  0xd (size before relaxing)
                0x08002e80                . = ALIGN (0x4)

.ARM.extab
 *(.ARM.extab* .gnu.linkonce.armextab.*)

.ARM            0x08002e80        0x8
                0x08002e80                __exidx_start = .
 *(.ARM.exidx*)
 .ARM.exidx     0x08002e80        0x8 c:/ac6/systemworkbench/plugins/fr.ac6.mcu.externaltools.arm-none.win32_1.15.0.201708311556/tools/compiler/bin/../lib/gcc/arm-none-eabi/6.3.1/thumb/v7e-m/fpv4-sp/hard\libgcc.a(_udivmoddi4.o)
                0x08002e88                __exidx_end = .

.rel.dyn        0x08002e88        0x0
 .rel.iplt      0x08002e88        0x0 c:/ac6/systemworkbench/plugins/fr.ac6.mcu.externaltools.arm-none.win32_1.15.0.201708311556/tools/compiler/bin/../lib/gcc/arm-none-eabi/6.3.1/thumb/v7e-m/fpv4-sp/hard/crtbegin.o

.preinit_array  0x08002e88        0x0
                0x08002e88                PROVIDE (__preinit_array_start, .)
 *(.preinit_array*)
                0x08002e88                PROVIDE (__preinit_array_end, .)

.init_array     0x08002e88        0x4
                0x08002e88                PROVIDE (__init_array_start, .)
 *(SORT(.init_array.*))
 *(.init_array*)
 .init_array    0x08002e88        0x4 c:/ac6/systemworkbench/plugins/fr.ac6.mcu.externaltools.arm-none.win32_1.15.0.201708311556/tools/compiler/bin/../lib/gcc/arm-none-eabi/6.3.1/thumb/v7e-m/fpv4-sp/hard/crtbegin.o
                0x08002e8c                PROVIDE (__init_array_end, .)

.fini_array     0x08002e8c        0x4
                [!provide]                PROVIDE (__fini_array_start, .)
 *(SORT(.fini_array.*))
 *(.fini_array*)
 .fini_array    0x08002e8c        0x4 c:/ac6/systemworkbench/plugins/fr.ac6.mcu.externaltools.arm-none.win32_1.15.0.201708311556/tools/compiler/bin/../lib/gcc/arm-none-eabi/6.3.1/thumb/v7e-m/fpv4-sp/hard/crtbegin.o
                [!provide]                PROVIDE (__fini_array_end, .)
                0x08002e90                _sidata = LOADADDR (.data)

.data           0x20000000       0x20 load address 0x08002e90
                0x20000000                . = ALIGN (0x4)
                0x20000000                _sdata = .
 *(.data)
 .data          0x20000000        0x8 Drivers/STM32F4xx_HAL_Driver/Src/stm32f4xx_hal.o
                0x20000000                uwTickFreq
                0x20000004                uwTickPrio
 .data          0x20000008       0x11 Src/main.o
                0x20000008                sensorIDs
                0x2000000c                GyroAccConfig
                0x20000014                data
 *fill*         0x20000019        0x3 
 .data          0x2000001c        0x4 Src/system_stm32f4xx.o
                0x2000001c                SystemCoreClock
 *(.data*)
                0x20000020                . = ALIGN (0x4)
                0x20000020                _edata = .
                0x08002eb0                _siccmram = LOADADDR (.ccmram)

.jcr            0x20000020        0x0 load address 0x08002eb0
 .jcr           0x20000020        0x0 c:/ac6/systemworkbench/plugins/fr.ac6.mcu.externaltools.arm-none.win32_1.15.0.201708311556/tools/compiler/bin/../lib/gcc/arm-none-eabi/6.3.1/thumb/v7e-m/fpv4-sp/hard/crtbegin.o

.igot.plt       0x20000020        0x0 load address 0x08002eb0
 .igot.plt      0x20000020        0x0 c:/ac6/systemworkbench/plugins/fr.ac6.mcu.externaltools.arm-none.win32_1.15.0.201708311556/tools/compiler/bin/../lib/gcc/arm-none-eabi/6.3.1/thumb/v7e-m/fpv4-sp/hard/crtbegin.o

.ccmram         0x10000000        0x0 load address 0x08002eb0
                0x10000000                . = ALIGN (0x4)
                0x10000000                _sccmram = .
 *(.ccmram)
 *(.ccmram*)
                0x10000000                . = ALIGN (0x4)
                0x10000000                _eccmram = .
                0x10000000                . = ALIGN (0x4)

.bss            0x20000020      0x190
                0x20000020                _sbss = .
                0x20000020                __bss_start__ = _sbss
 *(.bss)
 .bss           0x20000020       0x1c c:/ac6/systemworkbench/plugins/fr.ac6.mcu.externaltools.arm-none.win32_1.15.0.201708311556/tools/compiler/bin/../lib/gcc/arm-none-eabi/6.3.1/thumb/v7e-m/fpv4-sp/hard/crtbegin.o
 .bss           0x2000003c       0x10 Src/main.o
                0x2000003c                rxBuf
                0x20000044                distances
 *(.bss*)
 *(COMMON)
 COMMON         0x2000004c        0x4 Drivers/STM32F4xx_HAL_Driver/Src/stm32f4xx_hal.o
                0x2000004c                uwTick
 COMMON         0x20000050       0x54 Src/i2c.o
                0x20000050                hi2c2
 COMMON         0x200000a4       0x58 Src/spi.o
                0x200000a4                hspi2
 COMMON         0x200000fc       0xb4 Src/tim.o
                0x200000fc                htim4
                0x20000138                htim1
                0x20000174                htim2
                0x200001b0                . = ALIGN (0x4)
                0x200001b0                _ebss = .
                0x200001b0                __bss_end__ = _ebss

._user_heap_stack
                0x200001b0      0x600
                0x200001b0                . = ALIGN (0x8)
                [!provide]                PROVIDE (end, .)
                [!provide]                PROVIDE (_end, .)
                0x200003b0                . = (. + _Min_Heap_Size)
 *fill*         0x200001b0      0x200 
                0x200007b0                . = (. + _Min_Stack_Size)
 *fill*         0x200003b0      0x400 
                0x200007b0                . = ALIGN (0x8)

/DISCARD/
 libc.a(*)
 libm.a(*)
 libgcc.a(*)

.ARM.attributes
                0x00000000       0x30
 *(.ARM.attributes)
 .ARM.attributes
                0x00000000       0x22 c:/ac6/systemworkbench/plugins/fr.ac6.mcu.externaltools.arm-none.win32_1.15.0.201708311556/tools/compiler/bin/../lib/gcc/arm-none-eabi/6.3.1/thumb/v7e-m/fpv4-sp/hard/crti.o
 .ARM.attributes
                0x00000022       0x34 c:/ac6/systemworkbench/plugins/fr.ac6.mcu.externaltools.arm-none.win32_1.15.0.201708311556/tools/compiler/bin/../lib/gcc/arm-none-eabi/6.3.1/thumb/v7e-m/fpv4-sp/hard/crtbegin.o
 .ARM.attributes
                0x00000056       0x39 Drivers/STM32F4xx_HAL_Driver/Src/stm32f4xx_hal.o
 .ARM.attributes
                0x0000008f       0x39 Drivers/STM32F4xx_HAL_Driver/Src/stm32f4xx_hal_cortex.o
 .ARM.attributes
                0x000000c8       0x39 Drivers/STM32F4xx_HAL_Driver/Src/stm32f4xx_hal_gpio.o
 .ARM.attributes
                0x00000101       0x39 Drivers/STM32F4xx_HAL_Driver/Src/stm32f4xx_hal_i2c.o
 .ARM.attributes
                0x0000013a       0x39 Drivers/STM32F4xx_HAL_Driver/Src/stm32f4xx_hal_rcc.o
 .ARM.attributes
                0x00000173       0x39 Drivers/STM32F4xx_HAL_Driver/Src/stm32f4xx_hal_spi.o
 .ARM.attributes
                0x000001ac       0x39 Drivers/STM32F4xx_HAL_Driver/Src/stm32f4xx_hal_tim.o
 .ARM.attributes
                0x000001e5       0x39 Drivers/STM32F4xx_HAL_Driver/Src/stm32f4xx_hal_tim_ex.o
 .ARM.attributes
                0x0000021e       0x39 Src/gpio.o
 .ARM.attributes
                0x00000257       0x39 Src/i2c.o
 .ARM.attributes
                0x00000290       0x39 Src/main.o
 .ARM.attributes
                0x000002c9       0x39 Src/spi.o
 .ARM.attributes
                0x00000302       0x39 Src/stm32f4xx_hal_msp.o
 .ARM.attributes
                0x0000033b       0x39 Src/stm32f4xx_it.o
 .ARM.attributes
                0x00000374       0x39 Src/system_stm32f4xx.o
 .ARM.attributes
                0x000003ad       0x39 Src/tim.o
 .ARM.attributes
                0x000003e6       0x21 startup/startup_stm32f415xx.o
 .ARM.attributes
                0x00000407       0x22 c:/ac6/systemworkbench/plugins/fr.ac6.mcu.externaltools.arm-none.win32_1.15.0.201708311556/tools/compiler/bin/../lib/gcc/arm-none-eabi/6.3.1/thumb/v7e-m/fpv4-sp/hard\libgcc.a(_aeabi_uldivmod.o)
 .ARM.attributes
                0x00000429       0x34 c:/ac6/systemworkbench/plugins/fr.ac6.mcu.externaltools.arm-none.win32_1.15.0.201708311556/tools/compiler/bin/../lib/gcc/arm-none-eabi/6.3.1/thumb/v7e-m/fpv4-sp/hard\libgcc.a(_udivmoddi4.o)
 .ARM.attributes
                0x0000045d       0x22 c:/ac6/systemworkbench/plugins/fr.ac6.mcu.externaltools.arm-none.win32_1.15.0.201708311556/tools/compiler/bin/../lib/gcc/arm-none-eabi/6.3.1/thumb/v7e-m/fpv4-sp/hard\libgcc.a(_dvmd_tls.o)
 .ARM.attributes
                0x0000047f       0x34 c:/ac6/systemworkbench/plugins/fr.ac6.mcu.externaltools.arm-none.win32_1.15.0.201708311556/tools/compiler/bin/../lib/gcc/arm-none-eabi/6.3.1/../../../../arm-none-eabi/lib/thumb/v7e-m/fpv4-sp/hard\libc_nano.a(lib_a-init.o)
 .ARM.attributes
                0x000004b3       0x22 c:/ac6/systemworkbench/plugins/fr.ac6.mcu.externaltools.arm-none.win32_1.15.0.201708311556/tools/compiler/bin/../lib/gcc/arm-none-eabi/6.3.1/thumb/v7e-m/fpv4-sp/hard/crtn.o
OUTPUT(motor_driver.elf elf32-littlearm)

.debug_info     0x00000000    0x18e93
 .debug_info    0x00000000     0x11d0 Drivers/STM32F4xx_HAL_Driver/Src/stm32f4xx_hal.o
 .debug_info    0x000011d0     0x174e Drivers/STM32F4xx_HAL_Driver/Src/stm32f4xx_hal_cortex.o
 .debug_info    0x0000291e      0xf97 Drivers/STM32F4xx_HAL_Driver/Src/stm32f4xx_hal_gpio.o
 .debug_info    0x000038b5     0x36e2 Drivers/STM32F4xx_HAL_Driver/Src/stm32f4xx_hal_i2c.o
 .debug_info    0x00006f97     0x125f Drivers/STM32F4xx_HAL_Driver/Src/stm32f4xx_hal_rcc.o
 .debug_info    0x000081f6     0x220a Drivers/STM32F4xx_HAL_Driver/Src/stm32f4xx_hal_spi.o
 .debug_info    0x0000a400     0x3684 Drivers/STM32F4xx_HAL_Driver/Src/stm32f4xx_hal_tim.o
 .debug_info    0x0000da84     0x1b26 Drivers/STM32F4xx_HAL_Driver/Src/stm32f4xx_hal_tim_ex.o
 .debug_info    0x0000f5aa      0xd67 Src/gpio.o
 .debug_info    0x00010311     0x1228 Src/i2c.o
 .debug_info    0x00011539     0x2130 Src/main.o
 .debug_info    0x00013669     0x1201 Src/spi.o
 .debug_info    0x0001486a      0xc69 Src/stm32f4xx_hal_msp.o
 .debug_info    0x000154d3     0x1148 Src/stm32f4xx_it.o
 .debug_info    0x0001661b      0xd30 Src/system_stm32f4xx.o
 .debug_info    0x0001734b     0x1ad0 Src/tim.o
 .debug_info    0x00018e1b       0x78 startup/startup_stm32f415xx.o

.debug_abbrev   0x00000000     0x2b64
 .debug_abbrev  0x00000000      0x2e3 Drivers/STM32F4xx_HAL_Driver/Src/stm32f4xx_hal.o
 .debug_abbrev  0x000002e3      0x3d4 Drivers/STM32F4xx_HAL_Driver/Src/stm32f4xx_hal_cortex.o
 .debug_abbrev  0x000006b7      0x2a5 Drivers/STM32F4xx_HAL_Driver/Src/stm32f4xx_hal_gpio.o
 .debug_abbrev  0x0000095c      0x2f9 Drivers/STM32F4xx_HAL_Driver/Src/stm32f4xx_hal_i2c.o
 .debug_abbrev  0x00000c55      0x331 Drivers/STM32F4xx_HAL_Driver/Src/stm32f4xx_hal_rcc.o
 .debug_abbrev  0x00000f86      0x2f0 Drivers/STM32F4xx_HAL_Driver/Src/stm32f4xx_hal_spi.o
 .debug_abbrev  0x00001276      0x2dc Drivers/STM32F4xx_HAL_Driver/Src/stm32f4xx_hal_tim.o
 .debug_abbrev  0x00001552      0x2dc Drivers/STM32F4xx_HAL_Driver/Src/stm32f4xx_hal_tim_ex.o
 .debug_abbrev  0x0000182e      0x229 Src/gpio.o
 .debug_abbrev  0x00001a57      0x256 Src/i2c.o
 .debug_abbrev  0x00001cad      0x328 Src/main.o
 .debug_abbrev  0x00001fd5      0x256 Src/spi.o
 .debug_abbrev  0x0000222b      0x209 Src/stm32f4xx_hal_msp.o
 .debug_abbrev  0x00002434      0x25b Src/stm32f4xx_it.o
 .debug_abbrev  0x0000268f      0x205 Src/system_stm32f4xx.o
 .debug_abbrev  0x00002894      0x2be Src/tim.o
 .debug_abbrev  0x00002b52       0x12 startup/startup_stm32f415xx.o

.debug_loc      0x00000000     0xa0a1
 .debug_loc     0x00000000      0x108 Drivers/STM32F4xx_HAL_Driver/Src/stm32f4xx_hal.o
 .debug_loc     0x00000108      0x5ce Drivers/STM32F4xx_HAL_Driver/Src/stm32f4xx_hal_cortex.o
 .debug_loc     0x000006d6      0x3fd Drivers/STM32F4xx_HAL_Driver/Src/stm32f4xx_hal_gpio.o
 .debug_loc     0x00000ad3     0x3198 Drivers/STM32F4xx_HAL_Driver/Src/stm32f4xx_hal_i2c.o
 .debug_loc     0x00003c6b      0x3e6 Drivers/STM32F4xx_HAL_Driver/Src/stm32f4xx_hal_rcc.o
 .debug_loc     0x00004051     0x1984 Drivers/STM32F4xx_HAL_Driver/Src/stm32f4xx_hal_spi.o
 .debug_loc     0x000059d5     0x34bc Drivers/STM32F4xx_HAL_Driver/Src/stm32f4xx_hal_tim.o
 .debug_loc     0x00008e91      0xe78 Drivers/STM32F4xx_HAL_Driver/Src/stm32f4xx_hal_tim_ex.o
 .debug_loc     0x00009d09       0x5b Src/i2c.o
 .debug_loc     0x00009d64       0xf6 Src/main.o
 .debug_loc     0x00009e5a       0x5b Src/spi.o
 .debug_loc     0x00009eb5      0x13e Src/system_stm32f4xx.o
 .debug_loc     0x00009ff3       0xae Src/tim.o

.debug_aranges  0x00000000      0xd50
 .debug_aranges
                0x00000000       0xe0 Drivers/STM32F4xx_HAL_Driver/Src/stm32f4xx_hal.o
 .debug_aranges
                0x000000e0       0xa8 Drivers/STM32F4xx_HAL_Driver/Src/stm32f4xx_hal_cortex.o
 .debug_aranges
                0x00000188       0x58 Drivers/STM32F4xx_HAL_Driver/Src/stm32f4xx_hal_gpio.o
 .debug_aranges
                0x000001e0      0x268 Drivers/STM32F4xx_HAL_Driver/Src/stm32f4xx_hal_i2c.o
 .debug_aranges
                0x00000448       0x88 Drivers/STM32F4xx_HAL_Driver/Src/stm32f4xx_hal_rcc.o
 .debug_aranges
                0x000004d0      0x1c8 Drivers/STM32F4xx_HAL_Driver/Src/stm32f4xx_hal_spi.o
 .debug_aranges
                0x00000698      0x368 Drivers/STM32F4xx_HAL_Driver/Src/stm32f4xx_hal_tim.o
 .debug_aranges
                0x00000a00      0x140 Drivers/STM32F4xx_HAL_Driver/Src/stm32f4xx_hal_tim_ex.o
 .debug_aranges
                0x00000b40       0x20 Src/gpio.o
 .debug_aranges
                0x00000b60       0x30 Src/i2c.o
 .debug_aranges
                0x00000b90       0x48 Src/main.o
 .debug_aranges
                0x00000bd8       0x30 Src/spi.o
 .debug_aranges
                0x00000c08       0x20 Src/stm32f4xx_hal_msp.o
 .debug_aranges
                0x00000c28       0x80 Src/stm32f4xx_it.o
 .debug_aranges
                0x00000ca8       0x28 Src/system_stm32f4xx.o
 .debug_aranges
                0x00000cd0       0x58 Src/tim.o
 .debug_aranges
                0x00000d28       0x28 startup/startup_stm32f415xx.o

.debug_ranges   0x00000000      0xcd8
 .debug_ranges  0x00000000       0xd0 Drivers/STM32F4xx_HAL_Driver/Src/stm32f4xx_hal.o
 .debug_ranges  0x000000d0       0xf8 Drivers/STM32F4xx_HAL_Driver/Src/stm32f4xx_hal_cortex.o
 .debug_ranges  0x000001c8       0x48 Drivers/STM32F4xx_HAL_Driver/Src/stm32f4xx_hal_gpio.o
 .debug_ranges  0x00000210      0x258 Drivers/STM32F4xx_HAL_Driver/Src/stm32f4xx_hal_i2c.o
 .debug_ranges  0x00000468       0x90 Drivers/STM32F4xx_HAL_Driver/Src/stm32f4xx_hal_rcc.o
 .debug_ranges  0x000004f8      0x1b8 Drivers/STM32F4xx_HAL_Driver/Src/stm32f4xx_hal_spi.o
 .debug_ranges  0x000006b0      0x358 Drivers/STM32F4xx_HAL_Driver/Src/stm32f4xx_hal_tim.o
 .debug_ranges  0x00000a08      0x130 Drivers/STM32F4xx_HAL_Driver/Src/stm32f4xx_hal_tim_ex.o
 .debug_ranges  0x00000b38       0x10 Src/gpio.o
 .debug_ranges  0x00000b48       0x20 Src/i2c.o
 .debug_ranges  0x00000b68       0x50 Src/main.o
 .debug_ranges  0x00000bb8       0x20 Src/spi.o
 .debug_ranges  0x00000bd8       0x10 Src/stm32f4xx_hal_msp.o
 .debug_ranges  0x00000be8       0x70 Src/stm32f4xx_it.o
 .debug_ranges  0x00000c58       0x18 Src/system_stm32f4xx.o
 .debug_ranges  0x00000c70       0x48 Src/tim.o
 .debug_ranges  0x00000cb8       0x20 startup/startup_stm32f415xx.o

.debug_macro    0x00000000    0x209fc
 .debug_macro   0x00000000      0x398 Drivers/STM32F4xx_HAL_Driver/Src/stm32f4xx_hal.o
 .debug_macro   0x00000398      0x8bc Drivers/STM32F4xx_HAL_Driver/Src/stm32f4xx_hal.o
 .debug_macro   0x00000c54       0xb2 Drivers/STM32F4xx_HAL_Driver/Src/stm32f4xx_hal.o
 .debug_macro   0x00000d06      0x186 Drivers/STM32F4xx_HAL_Driver/Src/stm32f4xx_hal.o
 .debug_macro   0x00000e8c       0x32 Drivers/STM32F4xx_HAL_Driver/Src/stm32f4xx_hal.o
 .debug_macro   0x00000ebe       0x28 Drivers/STM32F4xx_HAL_Driver/Src/stm32f4xx_hal.o
 .debug_macro   0x00000ee6       0x22 Drivers/STM32F4xx_HAL_Driver/Src/stm32f4xx_hal.o
 .debug_macro   0x00000f08       0x87 Drivers/STM32F4xx_HAL_Driver/Src/stm32f4xx_hal.o
 .debug_macro   0x00000f8f       0x51 Drivers/STM32F4xx_HAL_Driver/Src/stm32f4xx_hal.o
 .debug_macro   0x00000fe0       0xef Drivers/STM32F4xx_HAL_Driver/Src/stm32f4xx_hal.o
 .debug_macro   0x000010cf       0x6a Drivers/STM32F4xx_HAL_Driver/Src/stm32f4xx_hal.o
 .debug_macro   0x00001139      0x1df Drivers/STM32F4xx_HAL_Driver/Src/stm32f4xx_hal.o
 .debug_macro   0x00001318       0x35 Drivers/STM32F4xx_HAL_Driver/Src/stm32f4xx_hal.o
 .debug_macro   0x0000134d       0x50 Drivers/STM32F4xx_HAL_Driver/Src/stm32f4xx_hal.o
 .debug_macro   0x0000139d      0xe66 Drivers/STM32F4xx_HAL_Driver/Src/stm32f4xx_hal.o
 .debug_macro   0x00002203    0x14648 Drivers/STM32F4xx_HAL_Driver/Src/stm32f4xx_hal.o
 .debug_macro   0x0001684b       0x43 Drivers/STM32F4xx_HAL_Driver/Src/stm32f4xx_hal.o
 .debug_macro   0x0001688e     0x3535 Drivers/STM32F4xx_HAL_Driver/Src/stm32f4xx_hal.o
 .debug_macro   0x00019dc3       0x58 Drivers/STM32F4xx_HAL_Driver/Src/stm32f4xx_hal.o
 .debug_macro   0x00019e1b       0x35 Drivers/STM32F4xx_HAL_Driver/Src/stm32f4xx_hal.o
 .debug_macro   0x00019e50       0x9c Drivers/STM32F4xx_HAL_Driver/Src/stm32f4xx_hal.o
 .debug_macro   0x00019eec       0x16 Drivers/STM32F4xx_HAL_Driver/Src/stm32f4xx_hal.o
 .debug_macro   0x00019f02       0x97 Drivers/STM32F4xx_HAL_Driver/Src/stm32f4xx_hal.o
 .debug_macro   0x00019f99      0x330 Drivers/STM32F4xx_HAL_Driver/Src/stm32f4xx_hal.o
 .debug_macro   0x0001a2c9       0xfd Drivers/STM32F4xx_HAL_Driver/Src/stm32f4xx_hal.o
 .debug_macro   0x0001a3c6       0x10 Drivers/STM32F4xx_HAL_Driver/Src/stm32f4xx_hal.o
 .debug_macro   0x0001a3d6       0x58 Drivers/STM32F4xx_HAL_Driver/Src/stm32f4xx_hal.o
 .debug_macro   0x0001a42e       0x1f Drivers/STM32F4xx_HAL_Driver/Src/stm32f4xx_hal.o
 .debug_macro   0x0001a44d       0x43 Drivers/STM32F4xx_HAL_Driver/Src/stm32f4xx_hal.o
 .debug_macro   0x0001a490       0x20 Drivers/STM32F4xx_HAL_Driver/Src/stm32f4xx_hal.o
 .debug_macro   0x0001a4b0      0x187 Drivers/STM32F4xx_HAL_Driver/Src/stm32f4xx_hal.o
 .debug_macro   0x0001a637       0x10 Drivers/STM32F4xx_HAL_Driver/Src/stm32f4xx_hal.o
 .debug_macro   0x0001a647       0x1c Drivers/STM32F4xx_HAL_Driver/Src/stm32f4xx_hal.o
 .debug_macro   0x0001a663       0x52 Drivers/STM32F4xx_HAL_Driver/Src/stm32f4xx_hal.o
 .debug_macro   0x0001a6b5       0x40 Drivers/STM32F4xx_HAL_Driver/Src/stm32f4xx_hal.o
 .debug_macro   0x0001a6f5       0x10 Drivers/STM32F4xx_HAL_Driver/Src/stm32f4xx_hal.o
 .debug_macro   0x0001a705       0x40 Drivers/STM32F4xx_HAL_Driver/Src/stm32f4xx_hal.o
 .debug_macro   0x0001a745       0xd7 Drivers/STM32F4xx_HAL_Driver/Src/stm32f4xx_hal.o
 .debug_macro   0x0001a81c       0x16 Drivers/STM32F4xx_HAL_Driver/Src/stm32f4xx_hal.o
 .debug_macro   0x0001a832      0x18b Drivers/STM32F4xx_HAL_Driver/Src/stm32f4xx_hal.o
 .debug_macro   0x0001a9bd       0x50 Drivers/STM32F4xx_HAL_Driver/Src/stm32f4xx_hal.o
 .debug_macro   0x0001aa0d      0x917 Drivers/STM32F4xx_HAL_Driver/Src/stm32f4xx_hal.o
 .debug_macro   0x0001b324      0xa02 Drivers/STM32F4xx_HAL_Driver/Src/stm32f4xx_hal.o
 .debug_macro   0x0001bd26      0x11e Drivers/STM32F4xx_HAL_Driver/Src/stm32f4xx_hal.o
 .debug_macro   0x0001be44      0x130 Drivers/STM32F4xx_HAL_Driver/Src/stm32f4xx_hal.o
 .debug_macro   0x0001bf74       0x27 Drivers/STM32F4xx_HAL_Driver/Src/stm32f4xx_hal.o
 .debug_macro   0x0001bf9b      0x287 Drivers/STM32F4xx_HAL_Driver/Src/stm32f4xx_hal.o
 .debug_macro   0x0001c222       0x5f Drivers/STM32F4xx_HAL_Driver/Src/stm32f4xx_hal.o
 .debug_macro   0x0001c281      0x23a Drivers/STM32F4xx_HAL_Driver/Src/stm32f4xx_hal.o
 .debug_macro   0x0001c4bb      0x133 Drivers/STM32F4xx_HAL_Driver/Src/stm32f4xx_hal.o
 .debug_macro   0x0001c5ee      0x21e Drivers/STM32F4xx_HAL_Driver/Src/stm32f4xx_hal.o
 .debug_macro   0x0001c80c       0x2e Drivers/STM32F4xx_HAL_Driver/Src/stm32f4xx_hal.o
 .debug_macro   0x0001c83a      0x1a7 Drivers/STM32F4xx_HAL_Driver/Src/stm32f4xx_hal.o
 .debug_macro   0x0001c9e1       0xa5 Drivers/STM32F4xx_HAL_Driver/Src/stm32f4xx_hal.o
 .debug_macro   0x0001ca86      0x11e Drivers/STM32F4xx_HAL_Driver/Src/stm32f4xx_hal.o
 .debug_macro   0x0001cba4       0x7f Drivers/STM32F4xx_HAL_Driver/Src/stm32f4xx_hal.o
 .debug_macro   0x0001cc23       0x89 Drivers/STM32F4xx_HAL_Driver/Src/stm32f4xx_hal.o
 .debug_macro   0x0001ccac      0x202 Drivers/STM32F4xx_HAL_Driver/Src/stm32f4xx_hal.o
 .debug_macro   0x0001ceae      0x6e0 Drivers/STM32F4xx_HAL_Driver/Src/stm32f4xx_hal.o
 .debug_macro   0x0001d58e       0x59 Drivers/STM32F4xx_HAL_Driver/Src/stm32f4xx_hal.o
 .debug_macro   0x0001d5e7      0x14d Drivers/STM32F4xx_HAL_Driver/Src/stm32f4xx_hal.o
 .debug_macro   0x0001d734      0x134 Drivers/STM32F4xx_HAL_Driver/Src/stm32f4xx_hal.o
 .debug_macro   0x0001d868      0x338 Drivers/STM32F4xx_HAL_Driver/Src/stm32f4xx_hal_cortex.o
 .debug_macro   0x0001dba0      0x370 Drivers/STM32F4xx_HAL_Driver/Src/stm32f4xx_hal_gpio.o
 .debug_macro   0x0001df10      0x378 Drivers/STM32F4xx_HAL_Driver/Src/stm32f4xx_hal_i2c.o
 .debug_macro   0x0001e288      0x35c Drivers/STM32F4xx_HAL_Driver/Src/stm32f4xx_hal_rcc.o
 .debug_macro   0x0001e5e4      0x340 Drivers/STM32F4xx_HAL_Driver/Src/stm32f4xx_hal_spi.o
 .debug_macro   0x0001e924      0x338 Drivers/STM32F4xx_HAL_Driver/Src/stm32f4xx_hal_tim.o
 .debug_macro   0x0001ec5c      0x338 Drivers/STM32F4xx_HAL_Driver/Src/stm32f4xx_hal_tim_ex.o
 .debug_macro   0x0001ef94      0x342 Src/gpio.o
 .debug_macro   0x0001f2d6      0x34c Src/i2c.o
 .debug_macro   0x0001f622      0x38f Src/main.o
 .debug_macro   0x0001f9b1      0x34c Src/spi.o
 .debug_macro   0x0001fcfd      0x338 Src/stm32f4xx_hal_msp.o
 .debug_macro   0x00020035      0x342 Src/stm32f4xx_it.o
 .debug_macro   0x00020377      0x343 Src/system_stm32f4xx.o
 .debug_macro   0x000206ba      0x342 Src/tim.o

.debug_line     0x00000000     0xbe61
 .debug_line    0x00000000      0x9db Drivers/STM32F4xx_HAL_Driver/Src/stm32f4xx_hal.o
 .debug_line    0x000009db      0xa17 Drivers/STM32F4xx_HAL_Driver/Src/stm32f4xx_hal_cortex.o
 .debug_line    0x000013f2      0x98b Drivers/STM32F4xx_HAL_Driver/Src/stm32f4xx_hal_gpio.o
 .debug_line    0x00001d7d     0x19b8 Drivers/STM32F4xx_HAL_Driver/Src/stm32f4xx_hal_i2c.o
 .debug_line    0x00003735      0xa65 Drivers/STM32F4xx_HAL_Driver/Src/stm32f4xx_hal_rcc.o
 .debug_line    0x0000419a     0x11e7 Drivers/STM32F4xx_HAL_Driver/Src/stm32f4xx_hal_spi.o
 .debug_line    0x00005381     0x192c Drivers/STM32F4xx_HAL_Driver/Src/stm32f4xx_hal_tim.o
 .debug_line    0x00006cad      0xdb7 Drivers/STM32F4xx_HAL_Driver/Src/stm32f4xx_hal_tim_ex.o
 .debug_line    0x00007a64      0x80c Src/gpio.o
 .debug_line    0x00008270      0x839 Src/i2c.o
 .debug_line    0x00008aa9      0x8f5 Src/main.o
 .debug_line    0x0000939e      0x83c Src/spi.o
 .debug_line    0x00009bda      0x800 Src/stm32f4xx_hal_msp.o
 .debug_line    0x0000a3da      0x8de Src/stm32f4xx_it.o
 .debug_line    0x0000acb8      0x82b Src/system_stm32f4xx.o
 .debug_line    0x0000b4e3      0x8ff Src/tim.o
 .debug_line    0x0000bde2       0x7f startup/startup_stm32f415xx.o

.debug_str      0x00000000    0xbbe01
 .debug_str     0x00000000    0xb8788 Drivers/STM32F4xx_HAL_Driver/Src/stm32f4xx_hal.o
                              0xb8b53 (size before relaxing)
 .debug_str     0x000b8788      0x3ae Drivers/STM32F4xx_HAL_Driver/Src/stm32f4xx_hal_cortex.o
                              0xb8895 (size before relaxing)
 .debug_str     0x000b8b36      0x28c Drivers/STM32F4xx_HAL_Driver/Src/stm32f4xx_hal_gpio.o
                              0xb823a (size before relaxing)
 .debug_str     0x000b8dc2      0xf14 Drivers/STM32F4xx_HAL_Driver/Src/stm32f4xx_hal_i2c.o
                              0xb8e40 (size before relaxing)
 .debug_str     0x000b9cd6      0x364 Drivers/STM32F4xx_HAL_Driver/Src/stm32f4xx_hal_rcc.o
                              0xb8404 (size before relaxing)
 .debug_str     0x000ba03a      0x6ae Drivers/STM32F4xx_HAL_Driver/Src/stm32f4xx_hal_spi.o
                              0xb8820 (size before relaxing)
 .debug_str     0x000ba6e8      0xe82 Drivers/STM32F4xx_HAL_Driver/Src/stm32f4xx_hal_tim.o
                              0xb9042 (size before relaxing)
 .debug_str     0x000bb56a      0x4f4 Drivers/STM32F4xx_HAL_Driver/Src/stm32f4xx_hal_tim_ex.o
                              0xb8902 (size before relaxing)
 .debug_str     0x000bba5e       0x25 Src/gpio.o
                              0xb8020 (size before relaxing)
 .debug_str     0x000bba83       0x42 Src/i2c.o
                              0xb8544 (size before relaxing)
 .debug_str     0x000bbac5      0x145 Src/main.o
                              0xb90c9 (size before relaxing)
 .debug_str     0x000bbc0a       0x17 Src/spi.o
                              0xb848d (size before relaxing)
 .debug_str     0x000bbc21       0x1b Src/stm32f4xx_hal_msp.o
                              0xb8370 (size before relaxing)
 .debug_str     0x000bbc3c      0x11b Src/stm32f4xx_it.o
                              0xb8419 (size before relaxing)
 .debug_str     0x000bbd57       0x5a Src/system_stm32f4xx.o
                              0xb7ff6 (size before relaxing)
 .debug_str     0x000bbdb1       0x50 Src/tim.o
                              0xb8bd4 (size before relaxing)

.comment        0x00000000       0x7f
 .comment       0x00000000       0x7f Drivers/STM32F4xx_HAL_Driver/Src/stm32f4xx_hal.o
                                 0x80 (size before relaxing)
 .comment       0x0000007f       0x80 Drivers/STM32F4xx_HAL_Driver/Src/stm32f4xx_hal_cortex.o
 .comment       0x0000007f       0x80 Drivers/STM32F4xx_HAL_Driver/Src/stm32f4xx_hal_gpio.o
 .comment       0x0000007f       0x80 Drivers/STM32F4xx_HAL_Driver/Src/stm32f4xx_hal_i2c.o
 .comment       0x0000007f       0x80 Drivers/STM32F4xx_HAL_Driver/Src/stm32f4xx_hal_rcc.o
 .comment       0x0000007f       0x80 Drivers/STM32F4xx_HAL_Driver/Src/stm32f4xx_hal_spi.o
 .comment       0x0000007f       0x80 Drivers/STM32F4xx_HAL_Driver/Src/stm32f4xx_hal_tim.o
 .comment       0x0000007f       0x80 Drivers/STM32F4xx_HAL_Driver/Src/stm32f4xx_hal_tim_ex.o
 .comment       0x0000007f       0x80 Src/gpio.o
 .comment       0x0000007f       0x80 Src/i2c.o
 .comment       0x0000007f       0x80 Src/main.o
 .comment       0x0000007f       0x80 Src/spi.o
 .comment       0x0000007f       0x80 Src/stm32f4xx_hal_msp.o
 .comment       0x0000007f       0x80 Src/stm32f4xx_it.o
 .comment       0x0000007f       0x80 Src/system_stm32f4xx.o
 .comment       0x0000007f       0x80 Src/tim.o

.debug_frame    0x00000000     0x2508
 .debug_frame   0x00000000      0x1cc Drivers/STM32F4xx_HAL_Driver/Src/stm32f4xx_hal.o
 .debug_frame   0x000001cc      0x15c Drivers/STM32F4xx_HAL_Driver/Src/stm32f4xx_hal_cortex.o
 .debug_frame   0x00000328       0xd0 Drivers/STM32F4xx_HAL_Driver/Src/stm32f4xx_hal_gpio.o
 .debug_frame   0x000003f8      0x848 Drivers/STM32F4xx_HAL_Driver/Src/stm32f4xx_hal_i2c.o
 .debug_frame   0x00000c40      0x174 Drivers/STM32F4xx_HAL_Driver/Src/stm32f4xx_hal_rcc.o
 .debug_frame   0x00000db4      0x560 Drivers/STM32F4xx_HAL_Driver/Src/stm32f4xx_hal_spi.o
 .debug_frame   0x00001314      0x9e0 Drivers/STM32F4xx_HAL_Driver/Src/stm32f4xx_hal_tim.o
 .debug_frame   0x00001cf4      0x384 Drivers/STM32F4xx_HAL_Driver/Src/stm32f4xx_hal_tim_ex.o
 .debug_frame   0x00002078       0x38 Src/gpio.o
 .debug_frame   0x000020b0       0x5c Src/i2c.o
 .debug_frame   0x0000210c       0xbc Src/main.o
 .debug_frame   0x000021c8       0x5c Src/spi.o
 .debug_frame   0x00002224       0x28 Src/stm32f4xx_hal_msp.o
 .debug_frame   0x0000224c      0x10c Src/stm32f4xx_it.o
 .debug_frame   0x00002358       0x30 Src/system_stm32f4xx.o
 .debug_frame   0x00002388       0xf4 Src/tim.o
 .debug_frame   0x0000247c       0x2c c:/ac6/systemworkbench/plugins/fr.ac6.mcu.externaltools.arm-none.win32_1.15.0.201708311556/tools/compiler/bin/../lib/gcc/arm-none-eabi/6.3.1/thumb/v7e-m/fpv4-sp/hard\libgcc.a(_aeabi_uldivmod.o)
 .debug_frame   0x000024a8       0x34 c:/ac6/systemworkbench/plugins/fr.ac6.mcu.externaltools.arm-none.win32_1.15.0.201708311556/tools/compiler/bin/../lib/gcc/arm-none-eabi/6.3.1/thumb/v7e-m/fpv4-sp/hard\libgcc.a(_udivmoddi4.o)
 .debug_frame   0x000024dc       0x2c c:/ac6/systemworkbench/plugins/fr.ac6.mcu.externaltools.arm-none.win32_1.15.0.201708311556/tools/compiler/bin/../lib/gcc/arm-none-eabi/6.3.1/../../../../arm-none-eabi/lib/thumb/v7e-m/fpv4-sp/hard\libc_nano.a(lib_a-init.o)
